Archive member included to satisfy reference by file (symbol)

c:/st/stm32cubeide_1.3.0/stm32cubeide/plugins/com.st.stm32cube.ide.mcu.externaltools.gnu-tools-for-stm32.7-2018-q2-update.win32_1.0.0.201904181610/tools/bin/../lib/gcc/arm-none-eabi/7.3.1/../../../../arm-none-eabi/lib/thumb/v7e-m\libc_nano.a(lib_a-exit.o)
                              c:/st/stm32cubeide_1.3.0/stm32cubeide/plugins/com.st.stm32cube.ide.mcu.externaltools.gnu-tools-for-stm32.7-2018-q2-update.win32_1.0.0.201904181610/tools/bin/../lib/gcc/arm-none-eabi/7.3.1/../../../../arm-none-eabi/lib/thumb/v7e-m/crt0.o (exit)
c:/st/stm32cubeide_1.3.0/stm32cubeide/plugins/com.st.stm32cube.ide.mcu.externaltools.gnu-tools-for-stm32.7-2018-q2-update.win32_1.0.0.201904181610/tools/bin/../lib/gcc/arm-none-eabi/7.3.1/../../../../arm-none-eabi/lib/thumb/v7e-m\libc_nano.a(lib_a-impure.o)
                              c:/st/stm32cubeide_1.3.0/stm32cubeide/plugins/com.st.stm32cube.ide.mcu.externaltools.gnu-tools-for-stm32.7-2018-q2-update.win32_1.0.0.201904181610/tools/bin/../lib/gcc/arm-none-eabi/7.3.1/../../../../arm-none-eabi/lib/thumb/v7e-m\libc_nano.a(lib_a-exit.o) (_global_impure_ptr)
c:/st/stm32cubeide_1.3.0/stm32cubeide/plugins/com.st.stm32cube.ide.mcu.externaltools.gnu-tools-for-stm32.7-2018-q2-update.win32_1.0.0.201904181610/tools/bin/../lib/gcc/arm-none-eabi/7.3.1/../../../../arm-none-eabi/lib/thumb/v7e-m\libc_nano.a(lib_a-init.o)
                              c:/st/stm32cubeide_1.3.0/stm32cubeide/plugins/com.st.stm32cube.ide.mcu.externaltools.gnu-tools-for-stm32.7-2018-q2-update.win32_1.0.0.201904181610/tools/bin/../lib/gcc/arm-none-eabi/7.3.1/../../../../arm-none-eabi/lib/thumb/v7e-m/crt0.o (__libc_init_array)
c:/st/stm32cubeide_1.3.0/stm32cubeide/plugins/com.st.stm32cube.ide.mcu.externaltools.gnu-tools-for-stm32.7-2018-q2-update.win32_1.0.0.201904181610/tools/bin/../lib/gcc/arm-none-eabi/7.3.1/../../../../arm-none-eabi/lib/thumb/v7e-m\libc_nano.a(lib_a-malloc.o)
                              drivers/Src/stm32f4xx_i2c_driver.o (free)
c:/st/stm32cubeide_1.3.0/stm32cubeide/plugins/com.st.stm32cube.ide.mcu.externaltools.gnu-tools-for-stm32.7-2018-q2-update.win32_1.0.0.201904181610/tools/bin/../lib/gcc/arm-none-eabi/7.3.1/../../../../arm-none-eabi/lib/thumb/v7e-m\libc_nano.a(lib_a-memset.o)
                              c:/st/stm32cubeide_1.3.0/stm32cubeide/plugins/com.st.stm32cube.ide.mcu.externaltools.gnu-tools-for-stm32.7-2018-q2-update.win32_1.0.0.201904181610/tools/bin/../lib/gcc/arm-none-eabi/7.3.1/../../../../arm-none-eabi/lib/thumb/v7e-m/crt0.o (memset)
c:/st/stm32cubeide_1.3.0/stm32cubeide/plugins/com.st.stm32cube.ide.mcu.externaltools.gnu-tools-for-stm32.7-2018-q2-update.win32_1.0.0.201904181610/tools/bin/../lib/gcc/arm-none-eabi/7.3.1/../../../../arm-none-eabi/lib/thumb/v7e-m\libc_nano.a(lib_a-nano-freer.o)
                              c:/st/stm32cubeide_1.3.0/stm32cubeide/plugins/com.st.stm32cube.ide.mcu.externaltools.gnu-tools-for-stm32.7-2018-q2-update.win32_1.0.0.201904181610/tools/bin/../lib/gcc/arm-none-eabi/7.3.1/../../../../arm-none-eabi/lib/thumb/v7e-m\libc_nano.a(lib_a-malloc.o) (_free_r)
c:/st/stm32cubeide_1.3.0/stm32cubeide/plugins/com.st.stm32cube.ide.mcu.externaltools.gnu-tools-for-stm32.7-2018-q2-update.win32_1.0.0.201904181610/tools/bin/../lib/gcc/arm-none-eabi/7.3.1/../../../../arm-none-eabi/lib/thumb/v7e-m\libc_nano.a(lib_a-nano-mallocr.o)
                              c:/st/stm32cubeide_1.3.0/stm32cubeide/plugins/com.st.stm32cube.ide.mcu.externaltools.gnu-tools-for-stm32.7-2018-q2-update.win32_1.0.0.201904181610/tools/bin/../lib/gcc/arm-none-eabi/7.3.1/../../../../arm-none-eabi/lib/thumb/v7e-m\libc_nano.a(lib_a-malloc.o) (_malloc_r)
c:/st/stm32cubeide_1.3.0/stm32cubeide/plugins/com.st.stm32cube.ide.mcu.externaltools.gnu-tools-for-stm32.7-2018-q2-update.win32_1.0.0.201904181610/tools/bin/../lib/gcc/arm-none-eabi/7.3.1/../../../../arm-none-eabi/lib/thumb/v7e-m\libc_nano.a(lib_a-sbrkr.o)
                              c:/st/stm32cubeide_1.3.0/stm32cubeide/plugins/com.st.stm32cube.ide.mcu.externaltools.gnu-tools-for-stm32.7-2018-q2-update.win32_1.0.0.201904181610/tools/bin/../lib/gcc/arm-none-eabi/7.3.1/../../../../arm-none-eabi/lib/thumb/v7e-m\libc_nano.a(lib_a-nano-mallocr.o) (_sbrk_r)
c:/st/stm32cubeide_1.3.0/stm32cubeide/plugins/com.st.stm32cube.ide.mcu.externaltools.gnu-tools-for-stm32.7-2018-q2-update.win32_1.0.0.201904181610/tools/bin/../lib/gcc/arm-none-eabi/7.3.1/../../../../arm-none-eabi/lib/thumb/v7e-m\libc_nano.a(lib_a-strlen.o)
                              Src/002.o (strlen)
c:/st/stm32cubeide_1.3.0/stm32cubeide/plugins/com.st.stm32cube.ide.mcu.externaltools.gnu-tools-for-stm32.7-2018-q2-update.win32_1.0.0.201904181610/tools/bin/../lib/gcc/arm-none-eabi/7.3.1/../../../../arm-none-eabi/lib/thumb/v7e-m\libc_nano.a(lib_a-mlock.o)
                              c:/st/stm32cubeide_1.3.0/stm32cubeide/plugins/com.st.stm32cube.ide.mcu.externaltools.gnu-tools-for-stm32.7-2018-q2-update.win32_1.0.0.201904181610/tools/bin/../lib/gcc/arm-none-eabi/7.3.1/../../../../arm-none-eabi/lib/thumb/v7e-m\libc_nano.a(lib_a-nano-freer.o) (__malloc_lock)
c:/st/stm32cubeide_1.3.0/stm32cubeide/plugins/com.st.stm32cube.ide.mcu.externaltools.gnu-tools-for-stm32.7-2018-q2-update.win32_1.0.0.201904181610/tools/bin/../lib/gcc/arm-none-eabi/7.3.1/../../../../arm-none-eabi/lib/thumb/v7e-m\libc_nano.a(lib_a-reent.o)
                              c:/st/stm32cubeide_1.3.0/stm32cubeide/plugins/com.st.stm32cube.ide.mcu.externaltools.gnu-tools-for-stm32.7-2018-q2-update.win32_1.0.0.201904181610/tools/bin/../lib/gcc/arm-none-eabi/7.3.1/../../../../arm-none-eabi/lib/thumb/v7e-m\libc_nano.a(lib_a-sbrkr.o) (errno)
c:/st/stm32cubeide_1.3.0/stm32cubeide/plugins/com.st.stm32cube.ide.mcu.externaltools.gnu-tools-for-stm32.7-2018-q2-update.win32_1.0.0.201904181610/tools/bin/../lib/gcc/arm-none-eabi/7.3.1/../../../../arm-none-eabi/lib/thumb/v7e-m\libnosys.a(sbrk.o)
                              c:/st/stm32cubeide_1.3.0/stm32cubeide/plugins/com.st.stm32cube.ide.mcu.externaltools.gnu-tools-for-stm32.7-2018-q2-update.win32_1.0.0.201904181610/tools/bin/../lib/gcc/arm-none-eabi/7.3.1/../../../../arm-none-eabi/lib/thumb/v7e-m\libc_nano.a(lib_a-sbrkr.o) (_sbrk)
c:/st/stm32cubeide_1.3.0/stm32cubeide/plugins/com.st.stm32cube.ide.mcu.externaltools.gnu-tools-for-stm32.7-2018-q2-update.win32_1.0.0.201904181610/tools/bin/../lib/gcc/arm-none-eabi/7.3.1/../../../../arm-none-eabi/lib/thumb/v7e-m\libnosys.a(_exit.o)
                              c:/st/stm32cubeide_1.3.0/stm32cubeide/plugins/com.st.stm32cube.ide.mcu.externaltools.gnu-tools-for-stm32.7-2018-q2-update.win32_1.0.0.201904181610/tools/bin/../lib/gcc/arm-none-eabi/7.3.1/../../../../arm-none-eabi/lib/thumb/v7e-m\libc_nano.a(lib_a-exit.o) (_exit)

Allocating common symbols
Common symbol       size              file

errno               0x4               c:/st/stm32cubeide_1.3.0/stm32cubeide/plugins/com.st.stm32cube.ide.mcu.externaltools.gnu-tools-for-stm32.7-2018-q2-update.win32_1.0.0.201904181610/tools/bin/../lib/gcc/arm-none-eabi/7.3.1/../../../../arm-none-eabi/lib/thumb/v7e-m\libc_nano.a(lib_a-reent.o)

Discarded input sections

 .text          0x0000000000000000        0x0 c:/st/stm32cubeide_1.3.0/stm32cubeide/plugins/com.st.stm32cube.ide.mcu.externaltools.gnu-tools-for-stm32.7-2018-q2-update.win32_1.0.0.201904181610/tools/bin/../lib/gcc/arm-none-eabi/7.3.1/thumb/v7e-m/crti.o
 .data          0x0000000000000000        0x0 c:/st/stm32cubeide_1.3.0/stm32cubeide/plugins/com.st.stm32cube.ide.mcu.externaltools.gnu-tools-for-stm32.7-2018-q2-update.win32_1.0.0.201904181610/tools/bin/../lib/gcc/arm-none-eabi/7.3.1/thumb/v7e-m/crti.o
 .bss           0x0000000000000000        0x0 c:/st/stm32cubeide_1.3.0/stm32cubeide/plugins/com.st.stm32cube.ide.mcu.externaltools.gnu-tools-for-stm32.7-2018-q2-update.win32_1.0.0.201904181610/tools/bin/../lib/gcc/arm-none-eabi/7.3.1/thumb/v7e-m/crti.o
 .data          0x0000000000000000        0x4 c:/st/stm32cubeide_1.3.0/stm32cubeide/plugins/com.st.stm32cube.ide.mcu.externaltools.gnu-tools-for-stm32.7-2018-q2-update.win32_1.0.0.201904181610/tools/bin/../lib/gcc/arm-none-eabi/7.3.1/thumb/v7e-m/crtbegin.o
 .text          0x0000000000000000       0x74 c:/st/stm32cubeide_1.3.0/stm32cubeide/plugins/com.st.stm32cube.ide.mcu.externaltools.gnu-tools-for-stm32.7-2018-q2-update.win32_1.0.0.201904181610/tools/bin/../lib/gcc/arm-none-eabi/7.3.1/../../../../arm-none-eabi/lib/thumb/v7e-m/crt0.o
 .data          0x0000000000000000        0x0 c:/st/stm32cubeide_1.3.0/stm32cubeide/plugins/com.st.stm32cube.ide.mcu.externaltools.gnu-tools-for-stm32.7-2018-q2-update.win32_1.0.0.201904181610/tools/bin/../lib/gcc/arm-none-eabi/7.3.1/../../../../arm-none-eabi/lib/thumb/v7e-m/crt0.o
 .bss           0x0000000000000000        0x0 c:/st/stm32cubeide_1.3.0/stm32cubeide/plugins/com.st.stm32cube.ide.mcu.externaltools.gnu-tools-for-stm32.7-2018-q2-update.win32_1.0.0.201904181610/tools/bin/../lib/gcc/arm-none-eabi/7.3.1/../../../../arm-none-eabi/lib/thumb/v7e-m/crt0.o
 .ARM.extab     0x0000000000000000        0x0 c:/st/stm32cubeide_1.3.0/stm32cubeide/plugins/com.st.stm32cube.ide.mcu.externaltools.gnu-tools-for-stm32.7-2018-q2-update.win32_1.0.0.201904181610/tools/bin/../lib/gcc/arm-none-eabi/7.3.1/../../../../arm-none-eabi/lib/thumb/v7e-m/crt0.o
 .ARM.exidx     0x0000000000000000        0x8 c:/st/stm32cubeide_1.3.0/stm32cubeide/plugins/com.st.stm32cube.ide.mcu.externaltools.gnu-tools-for-stm32.7-2018-q2-update.win32_1.0.0.201904181610/tools/bin/../lib/gcc/arm-none-eabi/7.3.1/../../../../arm-none-eabi/lib/thumb/v7e-m/crt0.o
 .ARM.attributes
                0x0000000000000000       0x1c c:/st/stm32cubeide_1.3.0/stm32cubeide/plugins/com.st.stm32cube.ide.mcu.externaltools.gnu-tools-for-stm32.7-2018-q2-update.win32_1.0.0.201904181610/tools/bin/../lib/gcc/arm-none-eabi/7.3.1/../../../../arm-none-eabi/lib/thumb/v7e-m/crt0.o
 .group         0x0000000000000000        0xc Src/002.o
 .group         0x0000000000000000        0xc Src/002.o
 .group         0x0000000000000000        0xc Src/002.o
 .group         0x0000000000000000        0xc Src/002.o
 .group         0x0000000000000000        0xc Src/002.o
 .group         0x0000000000000000        0xc Src/002.o
 .group         0x0000000000000000        0xc Src/002.o
 .group         0x0000000000000000        0xc Src/002.o
 .group         0x0000000000000000        0xc Src/002.o
 .group         0x0000000000000000        0xc Src/002.o
 .group         0x0000000000000000        0xc Src/002.o
 .group         0x0000000000000000        0xc Src/002.o
 .group         0x0000000000000000        0xc Src/002.o
 .group         0x0000000000000000        0xc Src/002.o
 .group         0x0000000000000000        0xc Src/002.o
 .group         0x0000000000000000        0xc Src/002.o
 .group         0x0000000000000000        0xc Src/002.o
 .group         0x0000000000000000        0xc Src/002.o
 .group         0x0000000000000000        0xc Src/002.o
 .group         0x0000000000000000        0xc Src/002.o
 .group         0x0000000000000000        0xc Src/002.o
 .group         0x0000000000000000        0xc Src/002.o
 .group         0x0000000000000000        0xc Src/002.o
 .group         0x0000000000000000        0xc Src/002.o
 .group         0x0000000000000000        0xc Src/002.o
 .group         0x0000000000000000        0xc Src/002.o
 .text          0x0000000000000000        0x0 Src/002.o
 .data          0x0000000000000000        0x0 Src/002.o
 .bss           0x0000000000000000        0x0 Src/002.o
 .text          0x0000000000000000       0x14 Startup/startup_stm32f407vgtx.o
 .data          0x0000000000000000        0x0 Startup/startup_stm32f407vgtx.o
 .bss           0x0000000000000000        0x0 Startup/startup_stm32f407vgtx.o
 .group         0x0000000000000000        0xc drivers/Src/stm32f4xx_gpio_driver.o
 .group         0x0000000000000000        0xc drivers/Src/stm32f4xx_gpio_driver.o
 .group         0x0000000000000000        0xc drivers/Src/stm32f4xx_gpio_driver.o
 .group         0x0000000000000000        0xc drivers/Src/stm32f4xx_gpio_driver.o
 .group         0x0000000000000000        0xc drivers/Src/stm32f4xx_gpio_driver.o
 .group         0x0000000000000000        0xc drivers/Src/stm32f4xx_gpio_driver.o
 .group         0x0000000000000000        0xc drivers/Src/stm32f4xx_gpio_driver.o
 .group         0x0000000000000000        0xc drivers/Src/stm32f4xx_gpio_driver.o
 .group         0x0000000000000000        0xc drivers/Src/stm32f4xx_gpio_driver.o
 .group         0x0000000000000000        0xc drivers/Src/stm32f4xx_gpio_driver.o
 .group         0x0000000000000000        0xc drivers/Src/stm32f4xx_gpio_driver.o
 .group         0x0000000000000000        0xc drivers/Src/stm32f4xx_gpio_driver.o
 .text          0x0000000000000000        0x0 drivers/Src/stm32f4xx_gpio_driver.o
 .data          0x0000000000000000        0x0 drivers/Src/stm32f4xx_gpio_driver.o
 .bss           0x0000000000000000        0x0 drivers/Src/stm32f4xx_gpio_driver.o
 .text.GPIO_DeInit
                0x0000000000000000      0x16c drivers/Src/stm32f4xx_gpio_driver.o
 .text.GPIO_ReadFromInputPin
                0x0000000000000000       0x2e drivers/Src/stm32f4xx_gpio_driver.o
 .text.GPIO_ReadFromInputPort
                0x0000000000000000       0x1a drivers/Src/stm32f4xx_gpio_driver.o
 .text.GPIO_WriteToOutputPort
                0x0000000000000000       0x1c drivers/Src/stm32f4xx_gpio_driver.o
 .text.GPIO_WriteToOutpuPin
                0x0000000000000000       0x48 drivers/Src/stm32f4xx_gpio_driver.o
 .text.GPIO_ToggleOutputPin
                0x0000000000000000       0x28 drivers/Src/stm32f4xx_gpio_driver.o
 .text.GPIO_IRQConfig
                0x0000000000000000       0x1c drivers/Src/stm32f4xx_gpio_driver.o
 .text.GPIO_IRQHandling
                0x0000000000000000       0x14 drivers/Src/stm32f4xx_gpio_driver.o
 .debug_macro   0x0000000000000000      0xa66 drivers/Src/stm32f4xx_gpio_driver.o
 .debug_macro   0x0000000000000000       0x22 drivers/Src/stm32f4xx_gpio_driver.o
 .debug_macro   0x0000000000000000       0x8e drivers/Src/stm32f4xx_gpio_driver.o
 .debug_macro   0x0000000000000000       0x51 drivers/Src/stm32f4xx_gpio_driver.o
 .debug_macro   0x0000000000000000       0xef drivers/Src/stm32f4xx_gpio_driver.o
 .debug_macro   0x0000000000000000       0x6a drivers/Src/stm32f4xx_gpio_driver.o
 .debug_macro   0x0000000000000000      0x1df drivers/Src/stm32f4xx_gpio_driver.o
 .debug_macro   0x0000000000000000       0x34 drivers/Src/stm32f4xx_gpio_driver.o
 .debug_macro   0x0000000000000000       0x8e drivers/Src/stm32f4xx_gpio_driver.o
 .debug_macro   0x0000000000000000       0xc4 drivers/Src/stm32f4xx_gpio_driver.o
 .group         0x0000000000000000        0xc drivers/Src/stm32f4xx_i2c_driver.o
 .group         0x0000000000000000        0xc drivers/Src/stm32f4xx_i2c_driver.o
 .group         0x0000000000000000        0xc drivers/Src/stm32f4xx_i2c_driver.o
 .group         0x0000000000000000        0xc drivers/Src/stm32f4xx_i2c_driver.o
 .group         0x0000000000000000        0xc drivers/Src/stm32f4xx_i2c_driver.o
 .group         0x0000000000000000        0xc drivers/Src/stm32f4xx_i2c_driver.o
 .group         0x0000000000000000        0xc drivers/Src/stm32f4xx_i2c_driver.o
 .group         0x0000000000000000        0xc drivers/Src/stm32f4xx_i2c_driver.o
 .group         0x0000000000000000        0xc drivers/Src/stm32f4xx_i2c_driver.o
 .group         0x0000000000000000        0xc drivers/Src/stm32f4xx_i2c_driver.o
 .group         0x0000000000000000        0xc drivers/Src/stm32f4xx_i2c_driver.o
 .group         0x0000000000000000        0xc drivers/Src/stm32f4xx_i2c_driver.o
 .group         0x0000000000000000        0xc drivers/Src/stm32f4xx_i2c_driver.o
 .group         0x0000000000000000        0xc drivers/Src/stm32f4xx_i2c_driver.o
 .group         0x0000000000000000        0xc drivers/Src/stm32f4xx_i2c_driver.o
 .group         0x0000000000000000        0xc drivers/Src/stm32f4xx_i2c_driver.o
 .group         0x0000000000000000        0xc drivers/Src/stm32f4xx_i2c_driver.o
 .group         0x0000000000000000        0xc drivers/Src/stm32f4xx_i2c_driver.o
 .group         0x0000000000000000        0xc drivers/Src/stm32f4xx_i2c_driver.o
 .group         0x0000000000000000        0xc drivers/Src/stm32f4xx_i2c_driver.o
 .group         0x0000000000000000        0xc drivers/Src/stm32f4xx_i2c_driver.o
 .group         0x0000000000000000        0xc drivers/Src/stm32f4xx_i2c_driver.o
 .group         0x0000000000000000        0xc drivers/Src/stm32f4xx_i2c_driver.o
 .group         0x0000000000000000        0xc drivers/Src/stm32f4xx_i2c_driver.o
 .group         0x0000000000000000        0xc drivers/Src/stm32f4xx_i2c_driver.o
 .group         0x0000000000000000        0xc drivers/Src/stm32f4xx_i2c_driver.o
 .group         0x0000000000000000        0xc drivers/Src/stm32f4xx_i2c_driver.o
 .text          0x0000000000000000        0x0 drivers/Src/stm32f4xx_i2c_driver.o
 .data          0x0000000000000000        0x0 drivers/Src/stm32f4xx_i2c_driver.o
 .bss           0x0000000000000000        0x0 drivers/Src/stm32f4xx_i2c_driver.o
 .data.AHB1_Prescalar
                0x0000000000000000       0x20 drivers/Src/stm32f4xx_i2c_driver.o
 .data.APB1_Prescalar
                0x0000000000000000       0x10 drivers/Src/stm32f4xx_i2c_driver.o
 .text.I2C_clear_Addr_flag
                0x0000000000000000       0x2a drivers/Src/stm32f4xx_i2c_driver.o
 .text.I2C_PeriClockControl
                0x0000000000000000       0xa8 drivers/Src/stm32f4xx_i2c_driver.o
 .text.RCC_pll_output
                0x0000000000000000        0xe drivers/Src/stm32f4xx_i2c_driver.o
 .text.RCC_pclk_value
                0x0000000000000000       0xb0 drivers/Src/stm32f4xx_i2c_driver.o
 .text.I2C_DeInit
                0x0000000000000000       0x84 drivers/Src/stm32f4xx_i2c_driver.o
 .text.I2C_Init
                0x0000000000000000      0x108 drivers/Src/stm32f4xx_i2c_driver.o
 .text.I2C_MasterSendData
                0x0000000000000000       0xc4 drivers/Src/stm32f4xx_i2c_driver.o
 .text.I2C_ReceiveSendData
                0x0000000000000000      0x124 drivers/Src/stm32f4xx_i2c_driver.o
 .debug_info    0x0000000000000000      0xda3 drivers/Src/stm32f4xx_i2c_driver.o
 .debug_abbrev  0x0000000000000000      0x21f drivers/Src/stm32f4xx_i2c_driver.o
 .debug_aranges
                0x0000000000000000       0x58 drivers/Src/stm32f4xx_i2c_driver.o
 .debug_ranges  0x0000000000000000       0x48 drivers/Src/stm32f4xx_i2c_driver.o
 .debug_macro   0x0000000000000000      0x16c drivers/Src/stm32f4xx_i2c_driver.o
 .debug_macro   0x0000000000000000      0xa66 drivers/Src/stm32f4xx_i2c_driver.o
 .debug_macro   0x0000000000000000       0x22 drivers/Src/stm32f4xx_i2c_driver.o
 .debug_macro   0x0000000000000000       0x8e drivers/Src/stm32f4xx_i2c_driver.o
 .debug_macro   0x0000000000000000       0x51 drivers/Src/stm32f4xx_i2c_driver.o
 .debug_macro   0x0000000000000000       0xef drivers/Src/stm32f4xx_i2c_driver.o
 .debug_macro   0x0000000000000000       0x6a drivers/Src/stm32f4xx_i2c_driver.o
 .debug_macro   0x0000000000000000      0x1df drivers/Src/stm32f4xx_i2c_driver.o
 .debug_macro   0x0000000000000000       0x18 drivers/Src/stm32f4xx_i2c_driver.o
 .debug_macro   0x0000000000000000       0x46 drivers/Src/stm32f4xx_i2c_driver.o
 .debug_macro   0x0000000000000000       0x3c drivers/Src/stm32f4xx_i2c_driver.o
 .debug_macro   0x0000000000000000       0x34 drivers/Src/stm32f4xx_i2c_driver.o
 .debug_macro   0x0000000000000000       0x16 drivers/Src/stm32f4xx_i2c_driver.o
 .debug_macro   0x0000000000000000      0x10e drivers/Src/stm32f4xx_i2c_driver.o
 .debug_macro   0x0000000000000000       0x8d drivers/Src/stm32f4xx_i2c_driver.o
 .debug_macro   0x0000000000000000       0x52 drivers/Src/stm32f4xx_i2c_driver.o
 .debug_macro   0x0000000000000000       0x1f drivers/Src/stm32f4xx_i2c_driver.o
 .debug_macro   0x0000000000000000       0x43 drivers/Src/stm32f4xx_i2c_driver.o
 .debug_macro   0x0000000000000000       0x20 drivers/Src/stm32f4xx_i2c_driver.o
 .debug_macro   0x0000000000000000      0x1a3 drivers/Src/stm32f4xx_i2c_driver.o
 .debug_macro   0x0000000000000000      0x330 drivers/Src/stm32f4xx_i2c_driver.o
 .debug_macro   0x0000000000000000       0x16 drivers/Src/stm32f4xx_i2c_driver.o
 .debug_macro   0x0000000000000000       0x29 drivers/Src/stm32f4xx_i2c_driver.o
 .debug_macro   0x0000000000000000      0x36d drivers/Src/stm32f4xx_i2c_driver.o
 .debug_macro   0x0000000000000000       0xc4 drivers/Src/stm32f4xx_i2c_driver.o
 .debug_macro   0x0000000000000000       0x8e drivers/Src/stm32f4xx_i2c_driver.o
 .debug_macro   0x0000000000000000       0x8e drivers/Src/stm32f4xx_i2c_driver.o
 .debug_macro   0x0000000000000000       0x2e drivers/Src/stm32f4xx_i2c_driver.o
 .debug_line    0x0000000000000000      0x6da drivers/Src/stm32f4xx_i2c_driver.o
 .debug_str     0x0000000000000000     0x90bd drivers/Src/stm32f4xx_i2c_driver.o
 .comment       0x0000000000000000       0x7c drivers/Src/stm32f4xx_i2c_driver.o
 .debug_frame   0x0000000000000000      0x134 drivers/Src/stm32f4xx_i2c_driver.o
 .ARM.attributes
                0x0000000000000000       0x33 drivers/Src/stm32f4xx_i2c_driver.o
 .group         0x0000000000000000        0xc drivers/Src/stm32f4xx_spi_driver.o
 .group         0x0000000000000000        0xc drivers/Src/stm32f4xx_spi_driver.o
 .group         0x0000000000000000        0xc drivers/Src/stm32f4xx_spi_driver.o
 .group         0x0000000000000000        0xc drivers/Src/stm32f4xx_spi_driver.o
 .group         0x0000000000000000        0xc drivers/Src/stm32f4xx_spi_driver.o
 .group         0x0000000000000000        0xc drivers/Src/stm32f4xx_spi_driver.o
 .group         0x0000000000000000        0xc drivers/Src/stm32f4xx_spi_driver.o
 .group         0x0000000000000000        0xc drivers/Src/stm32f4xx_spi_driver.o
 .group         0x0000000000000000        0xc drivers/Src/stm32f4xx_spi_driver.o
 .group         0x0000000000000000        0xc drivers/Src/stm32f4xx_spi_driver.o
 .group         0x0000000000000000        0xc drivers/Src/stm32f4xx_spi_driver.o
 .group         0x0000000000000000        0xc drivers/Src/stm32f4xx_spi_driver.o
 .text          0x0000000000000000        0x0 drivers/Src/stm32f4xx_spi_driver.o
 .data          0x0000000000000000        0x0 drivers/Src/stm32f4xx_spi_driver.o
 .bss           0x0000000000000000        0x0 drivers/Src/stm32f4xx_spi_driver.o
 .text.SPI_DeInit
                0x0000000000000000       0x84 drivers/Src/stm32f4xx_spi_driver.o
 .text.SPI_ReceiveData
                0x0000000000000000       0x6c drivers/Src/stm32f4xx_spi_driver.o
 .text.SPI_SSI_config
                0x0000000000000000       0x36 drivers/Src/stm32f4xx_spi_driver.o
 .debug_macro   0x0000000000000000      0xa66 drivers/Src/stm32f4xx_spi_driver.o
 .debug_macro   0x0000000000000000       0x22 drivers/Src/stm32f4xx_spi_driver.o
 .debug_macro   0x0000000000000000       0x8e drivers/Src/stm32f4xx_spi_driver.o
 .debug_macro   0x0000000000000000       0x51 drivers/Src/stm32f4xx_spi_driver.o
 .debug_macro   0x0000000000000000       0xef drivers/Src/stm32f4xx_spi_driver.o
 .debug_macro   0x0000000000000000       0x6a drivers/Src/stm32f4xx_spi_driver.o
 .debug_macro   0x0000000000000000      0x1df drivers/Src/stm32f4xx_spi_driver.o
 .debug_macro   0x0000000000000000      0x36d drivers/Src/stm32f4xx_spi_driver.o
 .debug_macro   0x0000000000000000       0xc4 drivers/Src/stm32f4xx_spi_driver.o
 .debug_macro   0x0000000000000000       0x34 drivers/Src/stm32f4xx_spi_driver.o
 .debug_macro   0x0000000000000000       0x8e drivers/Src/stm32f4xx_spi_driver.o
 .debug_macro   0x0000000000000000       0x88 drivers/Src/stm32f4xx_spi_driver.o
 .group         0x0000000000000000        0xc drivers/Src/stm32f4xx_usart_driver.o
 .group         0x0000000000000000        0xc drivers/Src/stm32f4xx_usart_driver.o
 .group         0x0000000000000000        0xc drivers/Src/stm32f4xx_usart_driver.o
 .group         0x0000000000000000        0xc drivers/Src/stm32f4xx_usart_driver.o
 .group         0x0000000000000000        0xc drivers/Src/stm32f4xx_usart_driver.o
 .group         0x0000000000000000        0xc drivers/Src/stm32f4xx_usart_driver.o
 .group         0x0000000000000000        0xc drivers/Src/stm32f4xx_usart_driver.o
 .group         0x0000000000000000        0xc drivers/Src/stm32f4xx_usart_driver.o
 .group         0x0000000000000000        0xc drivers/Src/stm32f4xx_usart_driver.o
 .group         0x0000000000000000        0xc drivers/Src/stm32f4xx_usart_driver.o
 .group         0x0000000000000000        0xc drivers/Src/stm32f4xx_usart_driver.o
 .group         0x0000000000000000        0xc drivers/Src/stm32f4xx_usart_driver.o
 .text          0x0000000000000000        0x0 drivers/Src/stm32f4xx_usart_driver.o
 .data          0x0000000000000000        0x0 drivers/Src/stm32f4xx_usart_driver.o
 .bss           0x0000000000000000        0x0 drivers/Src/stm32f4xx_usart_driver.o
 .text.USART_PeriClkControl
                0x0000000000000000       0xd4 drivers/Src/stm32f4xx_usart_driver.o
 .text.USART_PeriControl
                0x0000000000000000       0x36 drivers/Src/stm32f4xx_usart_driver.o
 .text.USART_Init
                0x0000000000000000       0xea drivers/Src/stm32f4xx_usart_driver.o
 .text.USART_DeInit
                0x0000000000000000       0xac drivers/Src/stm32f4xx_usart_driver.o
 .text.USART_SendData
                0x0000000000000000       0x94 drivers/Src/stm32f4xx_usart_driver.o
 .text.USART_ReceiveData
                0x0000000000000000       0xac drivers/Src/stm32f4xx_usart_driver.o
 .debug_info    0x0000000000000000      0x4be drivers/Src/stm32f4xx_usart_driver.o
 .debug_abbrev  0x0000000000000000      0x15f drivers/Src/stm32f4xx_usart_driver.o
 .debug_aranges
                0x0000000000000000       0x48 drivers/Src/stm32f4xx_usart_driver.o
 .debug_ranges  0x0000000000000000       0x38 drivers/Src/stm32f4xx_usart_driver.o
 .debug_macro   0x0000000000000000       0xa8 drivers/Src/stm32f4xx_usart_driver.o
 .debug_macro   0x0000000000000000      0xa66 drivers/Src/stm32f4xx_usart_driver.o
 .debug_macro   0x0000000000000000       0x22 drivers/Src/stm32f4xx_usart_driver.o
 .debug_macro   0x0000000000000000       0x8e drivers/Src/stm32f4xx_usart_driver.o
 .debug_macro   0x0000000000000000       0x51 drivers/Src/stm32f4xx_usart_driver.o
 .debug_macro   0x0000000000000000       0xef drivers/Src/stm32f4xx_usart_driver.o
 .debug_macro   0x0000000000000000       0x6a drivers/Src/stm32f4xx_usart_driver.o
 .debug_macro   0x0000000000000000      0x1df drivers/Src/stm32f4xx_usart_driver.o
 .debug_macro   0x0000000000000000      0x36d drivers/Src/stm32f4xx_usart_driver.o
 .debug_macro   0x0000000000000000       0xc4 drivers/Src/stm32f4xx_usart_driver.o
 .debug_macro   0x0000000000000000       0x8e drivers/Src/stm32f4xx_usart_driver.o
 .debug_macro   0x0000000000000000       0x34 drivers/Src/stm32f4xx_usart_driver.o
 .debug_macro   0x0000000000000000       0x88 drivers/Src/stm32f4xx_usart_driver.o
 .debug_line    0x0000000000000000      0x54c drivers/Src/stm32f4xx_usart_driver.o
 .debug_str     0x0000000000000000     0x5d20 drivers/Src/stm32f4xx_usart_driver.o
 .comment       0x0000000000000000       0x7c drivers/Src/stm32f4xx_usart_driver.o
 .debug_frame   0x0000000000000000       0xfc drivers/Src/stm32f4xx_usart_driver.o
 .ARM.attributes
                0x0000000000000000       0x33 drivers/Src/stm32f4xx_usart_driver.o
 .text          0x0000000000000000        0x0 c:/st/stm32cubeide_1.3.0/stm32cubeide/plugins/com.st.stm32cube.ide.mcu.externaltools.gnu-tools-for-stm32.7-2018-q2-update.win32_1.0.0.201904181610/tools/bin/../lib/gcc/arm-none-eabi/7.3.1/../../../../arm-none-eabi/lib/thumb/v7e-m\libc_nano.a(lib_a-exit.o)
 .data          0x0000000000000000        0x0 c:/st/stm32cubeide_1.3.0/stm32cubeide/plugins/com.st.stm32cube.ide.mcu.externaltools.gnu-tools-for-stm32.7-2018-q2-update.win32_1.0.0.201904181610/tools/bin/../lib/gcc/arm-none-eabi/7.3.1/../../../../arm-none-eabi/lib/thumb/v7e-m\libc_nano.a(lib_a-exit.o)
 .bss           0x0000000000000000        0x0 c:/st/stm32cubeide_1.3.0/stm32cubeide/plugins/com.st.stm32cube.ide.mcu.externaltools.gnu-tools-for-stm32.7-2018-q2-update.win32_1.0.0.201904181610/tools/bin/../lib/gcc/arm-none-eabi/7.3.1/../../../../arm-none-eabi/lib/thumb/v7e-m\libc_nano.a(lib_a-exit.o)
 .text.exit     0x0000000000000000       0x28 c:/st/stm32cubeide_1.3.0/stm32cubeide/plugins/com.st.stm32cube.ide.mcu.externaltools.gnu-tools-for-stm32.7-2018-q2-update.win32_1.0.0.201904181610/tools/bin/../lib/gcc/arm-none-eabi/7.3.1/../../../../arm-none-eabi/lib/thumb/v7e-m\libc_nano.a(lib_a-exit.o)
 .debug_frame   0x0000000000000000       0x28 c:/st/stm32cubeide_1.3.0/stm32cubeide/plugins/com.st.stm32cube.ide.mcu.externaltools.gnu-tools-for-stm32.7-2018-q2-update.win32_1.0.0.201904181610/tools/bin/../lib/gcc/arm-none-eabi/7.3.1/../../../../arm-none-eabi/lib/thumb/v7e-m\libc_nano.a(lib_a-exit.o)
 .ARM.attributes
                0x0000000000000000       0x2e c:/st/stm32cubeide_1.3.0/stm32cubeide/plugins/com.st.stm32cube.ide.mcu.externaltools.gnu-tools-for-stm32.7-2018-q2-update.win32_1.0.0.201904181610/tools/bin/../lib/gcc/arm-none-eabi/7.3.1/../../../../arm-none-eabi/lib/thumb/v7e-m\libc_nano.a(lib_a-exit.o)
 .text          0x0000000000000000        0x0 c:/st/stm32cubeide_1.3.0/stm32cubeide/plugins/com.st.stm32cube.ide.mcu.externaltools.gnu-tools-for-stm32.7-2018-q2-update.win32_1.0.0.201904181610/tools/bin/../lib/gcc/arm-none-eabi/7.3.1/../../../../arm-none-eabi/lib/thumb/v7e-m\libc_nano.a(lib_a-impure.o)
 .data          0x0000000000000000        0x0 c:/st/stm32cubeide_1.3.0/stm32cubeide/plugins/com.st.stm32cube.ide.mcu.externaltools.gnu-tools-for-stm32.7-2018-q2-update.win32_1.0.0.201904181610/tools/bin/../lib/gcc/arm-none-eabi/7.3.1/../../../../arm-none-eabi/lib/thumb/v7e-m\libc_nano.a(lib_a-impure.o)
 .bss           0x0000000000000000        0x0 c:/st/stm32cubeide_1.3.0/stm32cubeide/plugins/com.st.stm32cube.ide.mcu.externaltools.gnu-tools-for-stm32.7-2018-q2-update.win32_1.0.0.201904181610/tools/bin/../lib/gcc/arm-none-eabi/7.3.1/../../../../arm-none-eabi/lib/thumb/v7e-m\libc_nano.a(lib_a-impure.o)
 .data._impure_ptr
                0x0000000000000000        0x4 c:/st/stm32cubeide_1.3.0/stm32cubeide/plugins/com.st.stm32cube.ide.mcu.externaltools.gnu-tools-for-stm32.7-2018-q2-update.win32_1.0.0.201904181610/tools/bin/../lib/gcc/arm-none-eabi/7.3.1/../../../../arm-none-eabi/lib/thumb/v7e-m\libc_nano.a(lib_a-impure.o)
 .data.impure_data
                0x0000000000000000       0x60 c:/st/stm32cubeide_1.3.0/stm32cubeide/plugins/com.st.stm32cube.ide.mcu.externaltools.gnu-tools-for-stm32.7-2018-q2-update.win32_1.0.0.201904181610/tools/bin/../lib/gcc/arm-none-eabi/7.3.1/../../../../arm-none-eabi/lib/thumb/v7e-m\libc_nano.a(lib_a-impure.o)
 .rodata._global_impure_ptr
                0x0000000000000000        0x4 c:/st/stm32cubeide_1.3.0/stm32cubeide/plugins/com.st.stm32cube.ide.mcu.externaltools.gnu-tools-for-stm32.7-2018-q2-update.win32_1.0.0.201904181610/tools/bin/../lib/gcc/arm-none-eabi/7.3.1/../../../../arm-none-eabi/lib/thumb/v7e-m\libc_nano.a(lib_a-impure.o)
 .ARM.attributes
                0x0000000000000000       0x2e c:/st/stm32cubeide_1.3.0/stm32cubeide/plugins/com.st.stm32cube.ide.mcu.externaltools.gnu-tools-for-stm32.7-2018-q2-update.win32_1.0.0.201904181610/tools/bin/../lib/gcc/arm-none-eabi/7.3.1/../../../../arm-none-eabi/lib/thumb/v7e-m\libc_nano.a(lib_a-impure.o)
 .text          0x0000000000000000        0x0 c:/st/stm32cubeide_1.3.0/stm32cubeide/plugins/com.st.stm32cube.ide.mcu.externaltools.gnu-tools-for-stm32.7-2018-q2-update.win32_1.0.0.201904181610/tools/bin/../lib/gcc/arm-none-eabi/7.3.1/../../../../arm-none-eabi/lib/thumb/v7e-m\libc_nano.a(lib_a-init.o)
 .data          0x0000000000000000        0x0 c:/st/stm32cubeide_1.3.0/stm32cubeide/plugins/com.st.stm32cube.ide.mcu.externaltools.gnu-tools-for-stm32.7-2018-q2-update.win32_1.0.0.201904181610/tools/bin/../lib/gcc/arm-none-eabi/7.3.1/../../../../arm-none-eabi/lib/thumb/v7e-m\libc_nano.a(lib_a-init.o)
 .bss           0x0000000000000000        0x0 c:/st/stm32cubeide_1.3.0/stm32cubeide/plugins/com.st.stm32cube.ide.mcu.externaltools.gnu-tools-for-stm32.7-2018-q2-update.win32_1.0.0.201904181610/tools/bin/../lib/gcc/arm-none-eabi/7.3.1/../../../../arm-none-eabi/lib/thumb/v7e-m\libc_nano.a(lib_a-init.o)
 .text          0x0000000000000000        0x0 c:/st/stm32cubeide_1.3.0/stm32cubeide/plugins/com.st.stm32cube.ide.mcu.externaltools.gnu-tools-for-stm32.7-2018-q2-update.win32_1.0.0.201904181610/tools/bin/../lib/gcc/arm-none-eabi/7.3.1/../../../../arm-none-eabi/lib/thumb/v7e-m\libc_nano.a(lib_a-malloc.o)
 .data          0x0000000000000000        0x0 c:/st/stm32cubeide_1.3.0/stm32cubeide/plugins/com.st.stm32cube.ide.mcu.externaltools.gnu-tools-for-stm32.7-2018-q2-update.win32_1.0.0.201904181610/tools/bin/../lib/gcc/arm-none-eabi/7.3.1/../../../../arm-none-eabi/lib/thumb/v7e-m\libc_nano.a(lib_a-malloc.o)
 .bss           0x0000000000000000        0x0 c:/st/stm32cubeide_1.3.0/stm32cubeide/plugins/com.st.stm32cube.ide.mcu.externaltools.gnu-tools-for-stm32.7-2018-q2-update.win32_1.0.0.201904181610/tools/bin/../lib/gcc/arm-none-eabi/7.3.1/../../../../arm-none-eabi/lib/thumb/v7e-m\libc_nano.a(lib_a-malloc.o)
 .text.malloc   0x0000000000000000       0x10 c:/st/stm32cubeide_1.3.0/stm32cubeide/plugins/com.st.stm32cube.ide.mcu.externaltools.gnu-tools-for-stm32.7-2018-q2-update.win32_1.0.0.201904181610/tools/bin/../lib/gcc/arm-none-eabi/7.3.1/../../../../arm-none-eabi/lib/thumb/v7e-m\libc_nano.a(lib_a-malloc.o)
 .text.free     0x0000000000000000       0x10 c:/st/stm32cubeide_1.3.0/stm32cubeide/plugins/com.st.stm32cube.ide.mcu.externaltools.gnu-tools-for-stm32.7-2018-q2-update.win32_1.0.0.201904181610/tools/bin/../lib/gcc/arm-none-eabi/7.3.1/../../../../arm-none-eabi/lib/thumb/v7e-m\libc_nano.a(lib_a-malloc.o)
 .debug_frame   0x0000000000000000       0x30 c:/st/stm32cubeide_1.3.0/stm32cubeide/plugins/com.st.stm32cube.ide.mcu.externaltools.gnu-tools-for-stm32.7-2018-q2-update.win32_1.0.0.201904181610/tools/bin/../lib/gcc/arm-none-eabi/7.3.1/../../../../arm-none-eabi/lib/thumb/v7e-m\libc_nano.a(lib_a-malloc.o)
 .ARM.attributes
                0x0000000000000000       0x2e c:/st/stm32cubeide_1.3.0/stm32cubeide/plugins/com.st.stm32cube.ide.mcu.externaltools.gnu-tools-for-stm32.7-2018-q2-update.win32_1.0.0.201904181610/tools/bin/../lib/gcc/arm-none-eabi/7.3.1/../../../../arm-none-eabi/lib/thumb/v7e-m\libc_nano.a(lib_a-malloc.o)
 .text          0x0000000000000000        0x0 c:/st/stm32cubeide_1.3.0/stm32cubeide/plugins/com.st.stm32cube.ide.mcu.externaltools.gnu-tools-for-stm32.7-2018-q2-update.win32_1.0.0.201904181610/tools/bin/../lib/gcc/arm-none-eabi/7.3.1/../../../../arm-none-eabi/lib/thumb/v7e-m\libc_nano.a(lib_a-memset.o)
 .data          0x0000000000000000        0x0 c:/st/stm32cubeide_1.3.0/stm32cubeide/plugins/com.st.stm32cube.ide.mcu.externaltools.gnu-tools-for-stm32.7-2018-q2-update.win32_1.0.0.201904181610/tools/bin/../lib/gcc/arm-none-eabi/7.3.1/../../../../arm-none-eabi/lib/thumb/v7e-m\libc_nano.a(lib_a-memset.o)
 .bss           0x0000000000000000        0x0 c:/st/stm32cubeide_1.3.0/stm32cubeide/plugins/com.st.stm32cube.ide.mcu.externaltools.gnu-tools-for-stm32.7-2018-q2-update.win32_1.0.0.201904181610/tools/bin/../lib/gcc/arm-none-eabi/7.3.1/../../../../arm-none-eabi/lib/thumb/v7e-m\libc_nano.a(lib_a-memset.o)
 .text.memset   0x0000000000000000       0x10 c:/st/stm32cubeide_1.3.0/stm32cubeide/plugins/com.st.stm32cube.ide.mcu.externaltools.gnu-tools-for-stm32.7-2018-q2-update.win32_1.0.0.201904181610/tools/bin/../lib/gcc/arm-none-eabi/7.3.1/../../../../arm-none-eabi/lib/thumb/v7e-m\libc_nano.a(lib_a-memset.o)
 .debug_frame   0x0000000000000000       0x20 c:/st/stm32cubeide_1.3.0/stm32cubeide/plugins/com.st.stm32cube.ide.mcu.externaltools.gnu-tools-for-stm32.7-2018-q2-update.win32_1.0.0.201904181610/tools/bin/../lib/gcc/arm-none-eabi/7.3.1/../../../../arm-none-eabi/lib/thumb/v7e-m\libc_nano.a(lib_a-memset.o)
 .ARM.attributes
                0x0000000000000000       0x2e c:/st/stm32cubeide_1.3.0/stm32cubeide/plugins/com.st.stm32cube.ide.mcu.externaltools.gnu-tools-for-stm32.7-2018-q2-update.win32_1.0.0.201904181610/tools/bin/../lib/gcc/arm-none-eabi/7.3.1/../../../../arm-none-eabi/lib/thumb/v7e-m\libc_nano.a(lib_a-memset.o)
 .text          0x0000000000000000        0x0 c:/st/stm32cubeide_1.3.0/stm32cubeide/plugins/com.st.stm32cube.ide.mcu.externaltools.gnu-tools-for-stm32.7-2018-q2-update.win32_1.0.0.201904181610/tools/bin/../lib/gcc/arm-none-eabi/7.3.1/../../../../arm-none-eabi/lib/thumb/v7e-m\libc_nano.a(lib_a-nano-freer.o)
 .data          0x0000000000000000        0x0 c:/st/stm32cubeide_1.3.0/stm32cubeide/plugins/com.st.stm32cube.ide.mcu.externaltools.gnu-tools-for-stm32.7-2018-q2-update.win32_1.0.0.201904181610/tools/bin/../lib/gcc/arm-none-eabi/7.3.1/../../../../arm-none-eabi/lib/thumb/v7e-m\libc_nano.a(lib_a-nano-freer.o)
 .bss           0x0000000000000000        0x0 c:/st/stm32cubeide_1.3.0/stm32cubeide/plugins/com.st.stm32cube.ide.mcu.externaltools.gnu-tools-for-stm32.7-2018-q2-update.win32_1.0.0.201904181610/tools/bin/../lib/gcc/arm-none-eabi/7.3.1/../../../../arm-none-eabi/lib/thumb/v7e-m\libc_nano.a(lib_a-nano-freer.o)
 .text._free_r  0x0000000000000000       0x9c c:/st/stm32cubeide_1.3.0/stm32cubeide/plugins/com.st.stm32cube.ide.mcu.externaltools.gnu-tools-for-stm32.7-2018-q2-update.win32_1.0.0.201904181610/tools/bin/../lib/gcc/arm-none-eabi/7.3.1/../../../../arm-none-eabi/lib/thumb/v7e-m\libc_nano.a(lib_a-nano-freer.o)
 .debug_frame   0x0000000000000000       0x38 c:/st/stm32cubeide_1.3.0/stm32cubeide/plugins/com.st.stm32cube.ide.mcu.externaltools.gnu-tools-for-stm32.7-2018-q2-update.win32_1.0.0.201904181610/tools/bin/../lib/gcc/arm-none-eabi/7.3.1/../../../../arm-none-eabi/lib/thumb/v7e-m\libc_nano.a(lib_a-nano-freer.o)
 .ARM.attributes
                0x0000000000000000       0x2e c:/st/stm32cubeide_1.3.0/stm32cubeide/plugins/com.st.stm32cube.ide.mcu.externaltools.gnu-tools-for-stm32.7-2018-q2-update.win32_1.0.0.201904181610/tools/bin/../lib/gcc/arm-none-eabi/7.3.1/../../../../arm-none-eabi/lib/thumb/v7e-m\libc_nano.a(lib_a-nano-freer.o)
 .text          0x0000000000000000        0x0 c:/st/stm32cubeide_1.3.0/stm32cubeide/plugins/com.st.stm32cube.ide.mcu.externaltools.gnu-tools-for-stm32.7-2018-q2-update.win32_1.0.0.201904181610/tools/bin/../lib/gcc/arm-none-eabi/7.3.1/../../../../arm-none-eabi/lib/thumb/v7e-m\libc_nano.a(lib_a-nano-mallocr.o)
 .data          0x0000000000000000        0x0 c:/st/stm32cubeide_1.3.0/stm32cubeide/plugins/com.st.stm32cube.ide.mcu.externaltools.gnu-tools-for-stm32.7-2018-q2-update.win32_1.0.0.201904181610/tools/bin/../lib/gcc/arm-none-eabi/7.3.1/../../../../arm-none-eabi/lib/thumb/v7e-m\libc_nano.a(lib_a-nano-mallocr.o)
 .bss           0x0000000000000000        0x0 c:/st/stm32cubeide_1.3.0/stm32cubeide/plugins/com.st.stm32cube.ide.mcu.externaltools.gnu-tools-for-stm32.7-2018-q2-update.win32_1.0.0.201904181610/tools/bin/../lib/gcc/arm-none-eabi/7.3.1/../../../../arm-none-eabi/lib/thumb/v7e-m\libc_nano.a(lib_a-nano-mallocr.o)
 .text._malloc_r
                0x0000000000000000       0xb4 c:/st/stm32cubeide_1.3.0/stm32cubeide/plugins/com.st.stm32cube.ide.mcu.externaltools.gnu-tools-for-stm32.7-2018-q2-update.win32_1.0.0.201904181610/tools/bin/../lib/gcc/arm-none-eabi/7.3.1/../../../../arm-none-eabi/lib/thumb/v7e-m\libc_nano.a(lib_a-nano-mallocr.o)
 .bss.__malloc_free_list
                0x0000000000000000        0x4 c:/st/stm32cubeide_1.3.0/stm32cubeide/plugins/com.st.stm32cube.ide.mcu.externaltools.gnu-tools-for-stm32.7-2018-q2-update.win32_1.0.0.201904181610/tools/bin/../lib/gcc/arm-none-eabi/7.3.1/../../../../arm-none-eabi/lib/thumb/v7e-m\libc_nano.a(lib_a-nano-mallocr.o)
 .bss.__malloc_sbrk_start
                0x0000000000000000        0x4 c:/st/stm32cubeide_1.3.0/stm32cubeide/plugins/com.st.stm32cube.ide.mcu.externaltools.gnu-tools-for-stm32.7-2018-q2-update.win32_1.0.0.201904181610/tools/bin/../lib/gcc/arm-none-eabi/7.3.1/../../../../arm-none-eabi/lib/thumb/v7e-m\libc_nano.a(lib_a-nano-mallocr.o)
 .debug_frame   0x0000000000000000       0x2c c:/st/stm32cubeide_1.3.0/stm32cubeide/plugins/com.st.stm32cube.ide.mcu.externaltools.gnu-tools-for-stm32.7-2018-q2-update.win32_1.0.0.201904181610/tools/bin/../lib/gcc/arm-none-eabi/7.3.1/../../../../arm-none-eabi/lib/thumb/v7e-m\libc_nano.a(lib_a-nano-mallocr.o)
 .ARM.attributes
                0x0000000000000000       0x2e c:/st/stm32cubeide_1.3.0/stm32cubeide/plugins/com.st.stm32cube.ide.mcu.externaltools.gnu-tools-for-stm32.7-2018-q2-update.win32_1.0.0.201904181610/tools/bin/../lib/gcc/arm-none-eabi/7.3.1/../../../../arm-none-eabi/lib/thumb/v7e-m\libc_nano.a(lib_a-nano-mallocr.o)
 .text          0x0000000000000000        0x0 c:/st/stm32cubeide_1.3.0/stm32cubeide/plugins/com.st.stm32cube.ide.mcu.externaltools.gnu-tools-for-stm32.7-2018-q2-update.win32_1.0.0.201904181610/tools/bin/../lib/gcc/arm-none-eabi/7.3.1/../../../../arm-none-eabi/lib/thumb/v7e-m\libc_nano.a(lib_a-sbrkr.o)
 .data          0x0000000000000000        0x0 c:/st/stm32cubeide_1.3.0/stm32cubeide/plugins/com.st.stm32cube.ide.mcu.externaltools.gnu-tools-for-stm32.7-2018-q2-update.win32_1.0.0.201904181610/tools/bin/../lib/gcc/arm-none-eabi/7.3.1/../../../../arm-none-eabi/lib/thumb/v7e-m\libc_nano.a(lib_a-sbrkr.o)
 .bss           0x0000000000000000        0x0 c:/st/stm32cubeide_1.3.0/stm32cubeide/plugins/com.st.stm32cube.ide.mcu.externaltools.gnu-tools-for-stm32.7-2018-q2-update.win32_1.0.0.201904181610/tools/bin/../lib/gcc/arm-none-eabi/7.3.1/../../../../arm-none-eabi/lib/thumb/v7e-m\libc_nano.a(lib_a-sbrkr.o)
 .text._sbrk_r  0x0000000000000000       0x20 c:/st/stm32cubeide_1.3.0/stm32cubeide/plugins/com.st.stm32cube.ide.mcu.externaltools.gnu-tools-for-stm32.7-2018-q2-update.win32_1.0.0.201904181610/tools/bin/../lib/gcc/arm-none-eabi/7.3.1/../../../../arm-none-eabi/lib/thumb/v7e-m\libc_nano.a(lib_a-sbrkr.o)
 .debug_frame   0x0000000000000000       0x2c c:/st/stm32cubeide_1.3.0/stm32cubeide/plugins/com.st.stm32cube.ide.mcu.externaltools.gnu-tools-for-stm32.7-2018-q2-update.win32_1.0.0.201904181610/tools/bin/../lib/gcc/arm-none-eabi/7.3.1/../../../../arm-none-eabi/lib/thumb/v7e-m\libc_nano.a(lib_a-sbrkr.o)
 .ARM.attributes
                0x0000000000000000       0x2e c:/st/stm32cubeide_1.3.0/stm32cubeide/plugins/com.st.stm32cube.ide.mcu.externaltools.gnu-tools-for-stm32.7-2018-q2-update.win32_1.0.0.201904181610/tools/bin/../lib/gcc/arm-none-eabi/7.3.1/../../../../arm-none-eabi/lib/thumb/v7e-m\libc_nano.a(lib_a-sbrkr.o)
 .data          0x0000000000000000        0x0 c:/st/stm32cubeide_1.3.0/stm32cubeide/plugins/com.st.stm32cube.ide.mcu.externaltools.gnu-tools-for-stm32.7-2018-q2-update.win32_1.0.0.201904181610/tools/bin/../lib/gcc/arm-none-eabi/7.3.1/../../../../arm-none-eabi/lib/thumb/v7e-m\libc_nano.a(lib_a-strlen.o)
 .bss           0x0000000000000000        0x0 c:/st/stm32cubeide_1.3.0/stm32cubeide/plugins/com.st.stm32cube.ide.mcu.externaltools.gnu-tools-for-stm32.7-2018-q2-update.win32_1.0.0.201904181610/tools/bin/../lib/gcc/arm-none-eabi/7.3.1/../../../../arm-none-eabi/lib/thumb/v7e-m\libc_nano.a(lib_a-strlen.o)
 .text          0x0000000000000000        0x0 c:/st/stm32cubeide_1.3.0/stm32cubeide/plugins/com.st.stm32cube.ide.mcu.externaltools.gnu-tools-for-stm32.7-2018-q2-update.win32_1.0.0.201904181610/tools/bin/../lib/gcc/arm-none-eabi/7.3.1/../../../../arm-none-eabi/lib/thumb/v7e-m\libc_nano.a(lib_a-mlock.o)
 .data          0x0000000000000000        0x0 c:/st/stm32cubeide_1.3.0/stm32cubeide/plugins/com.st.stm32cube.ide.mcu.externaltools.gnu-tools-for-stm32.7-2018-q2-update.win32_1.0.0.201904181610/tools/bin/../lib/gcc/arm-none-eabi/7.3.1/../../../../arm-none-eabi/lib/thumb/v7e-m\libc_nano.a(lib_a-mlock.o)
 .bss           0x0000000000000000        0x0 c:/st/stm32cubeide_1.3.0/stm32cubeide/plugins/com.st.stm32cube.ide.mcu.externaltools.gnu-tools-for-stm32.7-2018-q2-update.win32_1.0.0.201904181610/tools/bin/../lib/gcc/arm-none-eabi/7.3.1/../../../../arm-none-eabi/lib/thumb/v7e-m\libc_nano.a(lib_a-mlock.o)
 .text.__malloc_lock
                0x0000000000000000        0x2 c:/st/stm32cubeide_1.3.0/stm32cubeide/plugins/com.st.stm32cube.ide.mcu.externaltools.gnu-tools-for-stm32.7-2018-q2-update.win32_1.0.0.201904181610/tools/bin/../lib/gcc/arm-none-eabi/7.3.1/../../../../arm-none-eabi/lib/thumb/v7e-m\libc_nano.a(lib_a-mlock.o)
 .text.__malloc_unlock
                0x0000000000000000        0x2 c:/st/stm32cubeide_1.3.0/stm32cubeide/plugins/com.st.stm32cube.ide.mcu.externaltools.gnu-tools-for-stm32.7-2018-q2-update.win32_1.0.0.201904181610/tools/bin/../lib/gcc/arm-none-eabi/7.3.1/../../../../arm-none-eabi/lib/thumb/v7e-m\libc_nano.a(lib_a-mlock.o)
 .debug_frame   0x0000000000000000       0x30 c:/st/stm32cubeide_1.3.0/stm32cubeide/plugins/com.st.stm32cube.ide.mcu.externaltools.gnu-tools-for-stm32.7-2018-q2-update.win32_1.0.0.201904181610/tools/bin/../lib/gcc/arm-none-eabi/7.3.1/../../../../arm-none-eabi/lib/thumb/v7e-m\libc_nano.a(lib_a-mlock.o)
 .ARM.attributes
                0x0000000000000000       0x2e c:/st/stm32cubeide_1.3.0/stm32cubeide/plugins/com.st.stm32cube.ide.mcu.externaltools.gnu-tools-for-stm32.7-2018-q2-update.win32_1.0.0.201904181610/tools/bin/../lib/gcc/arm-none-eabi/7.3.1/../../../../arm-none-eabi/lib/thumb/v7e-m\libc_nano.a(lib_a-mlock.o)
 .text          0x0000000000000000        0x0 c:/st/stm32cubeide_1.3.0/stm32cubeide/plugins/com.st.stm32cube.ide.mcu.externaltools.gnu-tools-for-stm32.7-2018-q2-update.win32_1.0.0.201904181610/tools/bin/../lib/gcc/arm-none-eabi/7.3.1/../../../../arm-none-eabi/lib/thumb/v7e-m\libc_nano.a(lib_a-reent.o)
 .data          0x0000000000000000        0x0 c:/st/stm32cubeide_1.3.0/stm32cubeide/plugins/com.st.stm32cube.ide.mcu.externaltools.gnu-tools-for-stm32.7-2018-q2-update.win32_1.0.0.201904181610/tools/bin/../lib/gcc/arm-none-eabi/7.3.1/../../../../arm-none-eabi/lib/thumb/v7e-m\libc_nano.a(lib_a-reent.o)
 .bss           0x0000000000000000        0x0 c:/st/stm32cubeide_1.3.0/stm32cubeide/plugins/com.st.stm32cube.ide.mcu.externaltools.gnu-tools-for-stm32.7-2018-q2-update.win32_1.0.0.201904181610/tools/bin/../lib/gcc/arm-none-eabi/7.3.1/../../../../arm-none-eabi/lib/thumb/v7e-m\libc_nano.a(lib_a-reent.o)
 .text.cleanup_glue
                0x0000000000000000       0x1a c:/st/stm32cubeide_1.3.0/stm32cubeide/plugins/com.st.stm32cube.ide.mcu.externaltools.gnu-tools-for-stm32.7-2018-q2-update.win32_1.0.0.201904181610/tools/bin/../lib/gcc/arm-none-eabi/7.3.1/../../../../arm-none-eabi/lib/thumb/v7e-m\libc_nano.a(lib_a-reent.o)
 .text._reclaim_reent
                0x0000000000000000       0xb8 c:/st/stm32cubeide_1.3.0/stm32cubeide/plugins/com.st.stm32cube.ide.mcu.externaltools.gnu-tools-for-stm32.7-2018-q2-update.win32_1.0.0.201904181610/tools/bin/../lib/gcc/arm-none-eabi/7.3.1/../../../../arm-none-eabi/lib/thumb/v7e-m\libc_nano.a(lib_a-reent.o)
 .debug_frame   0x0000000000000000       0x5c c:/st/stm32cubeide_1.3.0/stm32cubeide/plugins/com.st.stm32cube.ide.mcu.externaltools.gnu-tools-for-stm32.7-2018-q2-update.win32_1.0.0.201904181610/tools/bin/../lib/gcc/arm-none-eabi/7.3.1/../../../../arm-none-eabi/lib/thumb/v7e-m\libc_nano.a(lib_a-reent.o)
 .ARM.attributes
                0x0000000000000000       0x2e c:/st/stm32cubeide_1.3.0/stm32cubeide/plugins/com.st.stm32cube.ide.mcu.externaltools.gnu-tools-for-stm32.7-2018-q2-update.win32_1.0.0.201904181610/tools/bin/../lib/gcc/arm-none-eabi/7.3.1/../../../../arm-none-eabi/lib/thumb/v7e-m\libc_nano.a(lib_a-reent.o)
 COMMON         0x0000000000000000        0x4 c:/st/stm32cubeide_1.3.0/stm32cubeide/plugins/com.st.stm32cube.ide.mcu.externaltools.gnu-tools-for-stm32.7-2018-q2-update.win32_1.0.0.201904181610/tools/bin/../lib/gcc/arm-none-eabi/7.3.1/../../../../arm-none-eabi/lib/thumb/v7e-m\libc_nano.a(lib_a-reent.o)
 .text          0x0000000000000000        0x0 c:/st/stm32cubeide_1.3.0/stm32cubeide/plugins/com.st.stm32cube.ide.mcu.externaltools.gnu-tools-for-stm32.7-2018-q2-update.win32_1.0.0.201904181610/tools/bin/../lib/gcc/arm-none-eabi/7.3.1/../../../../arm-none-eabi/lib/thumb/v7e-m\libnosys.a(sbrk.o)
 .data          0x0000000000000000        0x0 c:/st/stm32cubeide_1.3.0/stm32cubeide/plugins/com.st.stm32cube.ide.mcu.externaltools.gnu-tools-for-stm32.7-2018-q2-update.win32_1.0.0.201904181610/tools/bin/../lib/gcc/arm-none-eabi/7.3.1/../../../../arm-none-eabi/lib/thumb/v7e-m\libnosys.a(sbrk.o)
 .bss           0x0000000000000000        0x0 c:/st/stm32cubeide_1.3.0/stm32cubeide/plugins/com.st.stm32cube.ide.mcu.externaltools.gnu-tools-for-stm32.7-2018-q2-update.win32_1.0.0.201904181610/tools/bin/../lib/gcc/arm-none-eabi/7.3.1/../../../../arm-none-eabi/lib/thumb/v7e-m\libnosys.a(sbrk.o)
 .text._sbrk    0x0000000000000000       0x1c c:/st/stm32cubeide_1.3.0/stm32cubeide/plugins/com.st.stm32cube.ide.mcu.externaltools.gnu-tools-for-stm32.7-2018-q2-update.win32_1.0.0.201904181610/tools/bin/../lib/gcc/arm-none-eabi/7.3.1/../../../../arm-none-eabi/lib/thumb/v7e-m\libnosys.a(sbrk.o)
 .bss.heap_end.4102
                0x0000000000000000        0x4 c:/st/stm32cubeide_1.3.0/stm32cubeide/plugins/com.st.stm32cube.ide.mcu.externaltools.gnu-tools-for-stm32.7-2018-q2-update.win32_1.0.0.201904181610/tools/bin/../lib/gcc/arm-none-eabi/7.3.1/../../../../arm-none-eabi/lib/thumb/v7e-m\libnosys.a(sbrk.o)
 .debug_frame   0x0000000000000000       0x20 c:/st/stm32cubeide_1.3.0/stm32cubeide/plugins/com.st.stm32cube.ide.mcu.externaltools.gnu-tools-for-stm32.7-2018-q2-update.win32_1.0.0.201904181610/tools/bin/../lib/gcc/arm-none-eabi/7.3.1/../../../../arm-none-eabi/lib/thumb/v7e-m\libnosys.a(sbrk.o)
 .ARM.attributes
                0x0000000000000000       0x2e c:/st/stm32cubeide_1.3.0/stm32cubeide/plugins/com.st.stm32cube.ide.mcu.externaltools.gnu-tools-for-stm32.7-2018-q2-update.win32_1.0.0.201904181610/tools/bin/../lib/gcc/arm-none-eabi/7.3.1/../../../../arm-none-eabi/lib/thumb/v7e-m\libnosys.a(sbrk.o)
 .text          0x0000000000000000        0x0 c:/st/stm32cubeide_1.3.0/stm32cubeide/plugins/com.st.stm32cube.ide.mcu.externaltools.gnu-tools-for-stm32.7-2018-q2-update.win32_1.0.0.201904181610/tools/bin/../lib/gcc/arm-none-eabi/7.3.1/../../../../arm-none-eabi/lib/thumb/v7e-m\libnosys.a(_exit.o)
 .data          0x0000000000000000        0x0 c:/st/stm32cubeide_1.3.0/stm32cubeide/plugins/com.st.stm32cube.ide.mcu.externaltools.gnu-tools-for-stm32.7-2018-q2-update.win32_1.0.0.201904181610/tools/bin/../lib/gcc/arm-none-eabi/7.3.1/../../../../arm-none-eabi/lib/thumb/v7e-m\libnosys.a(_exit.o)
 .bss           0x0000000000000000        0x0 c:/st/stm32cubeide_1.3.0/stm32cubeide/plugins/com.st.stm32cube.ide.mcu.externaltools.gnu-tools-for-stm32.7-2018-q2-update.win32_1.0.0.201904181610/tools/bin/../lib/gcc/arm-none-eabi/7.3.1/../../../../arm-none-eabi/lib/thumb/v7e-m\libnosys.a(_exit.o)
 .text._exit    0x0000000000000000        0x2 c:/st/stm32cubeide_1.3.0/stm32cubeide/plugins/com.st.stm32cube.ide.mcu.externaltools.gnu-tools-for-stm32.7-2018-q2-update.win32_1.0.0.201904181610/tools/bin/../lib/gcc/arm-none-eabi/7.3.1/../../../../arm-none-eabi/lib/thumb/v7e-m\libnosys.a(_exit.o)
 .debug_frame   0x0000000000000000       0x20 c:/st/stm32cubeide_1.3.0/stm32cubeide/plugins/com.st.stm32cube.ide.mcu.externaltools.gnu-tools-for-stm32.7-2018-q2-update.win32_1.0.0.201904181610/tools/bin/../lib/gcc/arm-none-eabi/7.3.1/../../../../arm-none-eabi/lib/thumb/v7e-m\libnosys.a(_exit.o)
 .ARM.attributes
                0x0000000000000000       0x2e c:/st/stm32cubeide_1.3.0/stm32cubeide/plugins/com.st.stm32cube.ide.mcu.externaltools.gnu-tools-for-stm32.7-2018-q2-update.win32_1.0.0.201904181610/tools/bin/../lib/gcc/arm-none-eabi/7.3.1/../../../../arm-none-eabi/lib/thumb/v7e-m\libnosys.a(_exit.o)
 .text          0x0000000000000000        0x0 c:/st/stm32cubeide_1.3.0/stm32cubeide/plugins/com.st.stm32cube.ide.mcu.externaltools.gnu-tools-for-stm32.7-2018-q2-update.win32_1.0.0.201904181610/tools/bin/../lib/gcc/arm-none-eabi/7.3.1/thumb/v7e-m/crtend.o
 .data          0x0000000000000000        0x0 c:/st/stm32cubeide_1.3.0/stm32cubeide/plugins/com.st.stm32cube.ide.mcu.externaltools.gnu-tools-for-stm32.7-2018-q2-update.win32_1.0.0.201904181610/tools/bin/../lib/gcc/arm-none-eabi/7.3.1/thumb/v7e-m/crtend.o
 .bss           0x0000000000000000        0x0 c:/st/stm32cubeide_1.3.0/stm32cubeide/plugins/com.st.stm32cube.ide.mcu.externaltools.gnu-tools-for-stm32.7-2018-q2-update.win32_1.0.0.201904181610/tools/bin/../lib/gcc/arm-none-eabi/7.3.1/thumb/v7e-m/crtend.o
 .eh_frame      0x0000000000000000        0x4 c:/st/stm32cubeide_1.3.0/stm32cubeide/plugins/com.st.stm32cube.ide.mcu.externaltools.gnu-tools-for-stm32.7-2018-q2-update.win32_1.0.0.201904181610/tools/bin/../lib/gcc/arm-none-eabi/7.3.1/thumb/v7e-m/crtend.o
 .ARM.attributes
                0x0000000000000000       0x2e c:/st/stm32cubeide_1.3.0/stm32cubeide/plugins/com.st.stm32cube.ide.mcu.externaltools.gnu-tools-for-stm32.7-2018-q2-update.win32_1.0.0.201904181610/tools/bin/../lib/gcc/arm-none-eabi/7.3.1/thumb/v7e-m/crtend.o
 .text          0x0000000000000000        0x0 c:/st/stm32cubeide_1.3.0/stm32cubeide/plugins/com.st.stm32cube.ide.mcu.externaltools.gnu-tools-for-stm32.7-2018-q2-update.win32_1.0.0.201904181610/tools/bin/../lib/gcc/arm-none-eabi/7.3.1/thumb/v7e-m/crtn.o
 .data          0x0000000000000000        0x0 c:/st/stm32cubeide_1.3.0/stm32cubeide/plugins/com.st.stm32cube.ide.mcu.externaltools.gnu-tools-for-stm32.7-2018-q2-update.win32_1.0.0.201904181610/tools/bin/../lib/gcc/arm-none-eabi/7.3.1/thumb/v7e-m/crtn.o
 .bss           0x0000000000000000        0x0 c:/st/stm32cubeide_1.3.0/stm32cubeide/plugins/com.st.stm32cube.ide.mcu.externaltools.gnu-tools-for-stm32.7-2018-q2-update.win32_1.0.0.201904181610/tools/bin/../lib/gcc/arm-none-eabi/7.3.1/thumb/v7e-m/crtn.o

Memory Configuration

Name             Origin             Length             Attributes
RAM              0x0000000020000000 0x0000000000020000 xrw
ROM              0x0000000008000000 0x0000000000100000 xr
*default*        0x0000000000000000 0xffffffffffffffff

Linker script and memory map

LOAD c:/st/stm32cubeide_1.3.0/stm32cubeide/plugins/com.st.stm32cube.ide.mcu.externaltools.gnu-tools-for-stm32.7-2018-q2-update.win32_1.0.0.201904181610/tools/bin/../lib/gcc/arm-none-eabi/7.3.1/thumb/v7e-m/crti.o
LOAD c:/st/stm32cubeide_1.3.0/stm32cubeide/plugins/com.st.stm32cube.ide.mcu.externaltools.gnu-tools-for-stm32.7-2018-q2-update.win32_1.0.0.201904181610/tools/bin/../lib/gcc/arm-none-eabi/7.3.1/thumb/v7e-m/crtbegin.o
LOAD c:/st/stm32cubeide_1.3.0/stm32cubeide/plugins/com.st.stm32cube.ide.mcu.externaltools.gnu-tools-for-stm32.7-2018-q2-update.win32_1.0.0.201904181610/tools/bin/../lib/gcc/arm-none-eabi/7.3.1/../../../../arm-none-eabi/lib/thumb/v7e-m/crt0.o
LOAD Src/002.o
LOAD Startup/startup_stm32f407vgtx.o
LOAD drivers/Src/stm32f4xx_gpio_driver.o
LOAD drivers/Src/stm32f4xx_i2c_driver.o
LOAD drivers/Src/stm32f4xx_spi_driver.o
LOAD drivers/Src/stm32f4xx_usart_driver.o
START GROUP
LOAD c:/st/stm32cubeide_1.3.0/stm32cubeide/plugins/com.st.stm32cube.ide.mcu.externaltools.gnu-tools-for-stm32.7-2018-q2-update.win32_1.0.0.201904181610/tools/bin/../lib/gcc/arm-none-eabi/7.3.1/../../../../arm-none-eabi/lib/thumb/v7e-m\libc_nano.a
LOAD c:/st/stm32cubeide_1.3.0/stm32cubeide/plugins/com.st.stm32cube.ide.mcu.externaltools.gnu-tools-for-stm32.7-2018-q2-update.win32_1.0.0.201904181610/tools/bin/../lib/gcc/arm-none-eabi/7.3.1/../../../../arm-none-eabi/lib/thumb/v7e-m\libm.a
END GROUP
START GROUP
LOAD c:/st/stm32cubeide_1.3.0/stm32cubeide/plugins/com.st.stm32cube.ide.mcu.externaltools.gnu-tools-for-stm32.7-2018-q2-update.win32_1.0.0.201904181610/tools/bin/../lib/gcc/arm-none-eabi/7.3.1/thumb/v7e-m\libgcc.a
LOAD c:/st/stm32cubeide_1.3.0/stm32cubeide/plugins/com.st.stm32cube.ide.mcu.externaltools.gnu-tools-for-stm32.7-2018-q2-update.win32_1.0.0.201904181610/tools/bin/../lib/gcc/arm-none-eabi/7.3.1/../../../../arm-none-eabi/lib/thumb/v7e-m\libc_nano.a
END GROUP
START GROUP
LOAD c:/st/stm32cubeide_1.3.0/stm32cubeide/plugins/com.st.stm32cube.ide.mcu.externaltools.gnu-tools-for-stm32.7-2018-q2-update.win32_1.0.0.201904181610/tools/bin/../lib/gcc/arm-none-eabi/7.3.1/thumb/v7e-m\libgcc.a
LOAD c:/st/stm32cubeide_1.3.0/stm32cubeide/plugins/com.st.stm32cube.ide.mcu.externaltools.gnu-tools-for-stm32.7-2018-q2-update.win32_1.0.0.201904181610/tools/bin/../lib/gcc/arm-none-eabi/7.3.1/../../../../arm-none-eabi/lib/thumb/v7e-m\libc_nano.a
LOAD c:/st/stm32cubeide_1.3.0/stm32cubeide/plugins/com.st.stm32cube.ide.mcu.externaltools.gnu-tools-for-stm32.7-2018-q2-update.win32_1.0.0.201904181610/tools/bin/../lib/gcc/arm-none-eabi/7.3.1/../../../../arm-none-eabi/lib/thumb/v7e-m\libnosys.a
END GROUP
START GROUP
LOAD c:/st/stm32cubeide_1.3.0/stm32cubeide/plugins/com.st.stm32cube.ide.mcu.externaltools.gnu-tools-for-stm32.7-2018-q2-update.win32_1.0.0.201904181610/tools/bin/../lib/gcc/arm-none-eabi/7.3.1/thumb/v7e-m\libgcc.a
LOAD c:/st/stm32cubeide_1.3.0/stm32cubeide/plugins/com.st.stm32cube.ide.mcu.externaltools.gnu-tools-for-stm32.7-2018-q2-update.win32_1.0.0.201904181610/tools/bin/../lib/gcc/arm-none-eabi/7.3.1/../../../../arm-none-eabi/lib/thumb/v7e-m\libc_nano.a
LOAD c:/st/stm32cubeide_1.3.0/stm32cubeide/plugins/com.st.stm32cube.ide.mcu.externaltools.gnu-tools-for-stm32.7-2018-q2-update.win32_1.0.0.201904181610/tools/bin/../lib/gcc/arm-none-eabi/7.3.1/../../../../arm-none-eabi/lib/thumb/v7e-m\libnosys.a
END GROUP
LOAD c:/st/stm32cubeide_1.3.0/stm32cubeide/plugins/com.st.stm32cube.ide.mcu.externaltools.gnu-tools-for-stm32.7-2018-q2-update.win32_1.0.0.201904181610/tools/bin/../lib/gcc/arm-none-eabi/7.3.1/thumb/v7e-m/crtend.o
LOAD c:/st/stm32cubeide_1.3.0/stm32cubeide/plugins/com.st.stm32cube.ide.mcu.externaltools.gnu-tools-for-stm32.7-2018-q2-update.win32_1.0.0.201904181610/tools/bin/../lib/gcc/arm-none-eabi/7.3.1/thumb/v7e-m/crtn.o
                0x0000000020020000                _estack = (ORIGIN (RAM) + LENGTH (RAM))
                0x0000000000000200                _Min_Heap_Size = 0x200
                0x0000000000000400                _Min_Stack_Size = 0x400

.isr_vector     0x0000000008000000      0x1a8
                0x0000000008000000                . = ALIGN (0x4)
 *(.isr_vector)
 .isr_vector    0x0000000008000000      0x1a8 Startup/startup_stm32f407vgtx.o
                0x0000000008000000                g_pfnVectors
                0x00000000080001a8                . = ALIGN (0x4)

.text           0x00000000080001a8      0x78c
                0x00000000080001a8                . = ALIGN (0x4)
 *(.text)
 .text          0x00000000080001a8       0x40 c:/st/stm32cubeide_1.3.0/stm32cubeide/plugins/com.st.stm32cube.ide.mcu.externaltools.gnu-tools-for-stm32.7-2018-q2-update.win32_1.0.0.201904181610/tools/bin/../lib/gcc/arm-none-eabi/7.3.1/thumb/v7e-m/crtbegin.o
 .text          0x00000000080001e8       0x10 c:/st/stm32cubeide_1.3.0/stm32cubeide/plugins/com.st.stm32cube.ide.mcu.externaltools.gnu-tools-for-stm32.7-2018-q2-update.win32_1.0.0.201904181610/tools/bin/../lib/gcc/arm-none-eabi/7.3.1/../../../../arm-none-eabi/lib/thumb/v7e-m\libc_nano.a(lib_a-strlen.o)
                0x00000000080001e8                strlen
 *(.text*)
 .text.SPI2_GPIO_Inits
                0x00000000080001f8       0x50 Src/002.o
                0x00000000080001f8                SPI2_GPIO_Inits
 .text.SPI2_Inits
                0x0000000008000248       0x3c Src/002.o
                0x0000000008000248                SPI2_Inits
 .text.main     0x0000000008000284       0x50 Src/002.o
                0x0000000008000284                main
 .text.Reset_Handler
                0x00000000080002d4       0x50 Startup/startup_stm32f407vgtx.o
                0x00000000080002d4                Reset_Handler
 .text.Default_Handler
                0x0000000008000324        0x2 Startup/startup_stm32f407vgtx.o
                0x0000000008000324                RTC_Alarm_IRQHandler
                0x0000000008000324                HASH_RNG_IRQHandler
                0x0000000008000324                EXTI2_IRQHandler
                0x0000000008000324                TIM8_CC_IRQHandler
                0x0000000008000324                DebugMon_Handler
                0x0000000008000324                TIM1_CC_IRQHandler
                0x0000000008000324                DMA2_Stream5_IRQHandler
                0x0000000008000324                HardFault_Handler
                0x0000000008000324                DMA1_Stream5_IRQHandler
                0x0000000008000324                SysTick_Handler
                0x0000000008000324                PVD_IRQHandler
                0x0000000008000324                SDIO_IRQHandler
                0x0000000008000324                TAMP_STAMP_IRQHandler
                0x0000000008000324                PendSV_Handler
                0x0000000008000324                NMI_Handler
                0x0000000008000324                CAN2_RX1_IRQHandler
                0x0000000008000324                EXTI3_IRQHandler
                0x0000000008000324                TIM8_TRG_COM_TIM14_IRQHandler
                0x0000000008000324                TIM1_UP_TIM10_IRQHandler
                0x0000000008000324                TIM8_UP_TIM13_IRQHandler
                0x0000000008000324                I2C3_ER_IRQHandler
                0x0000000008000324                LCD_TFT_IRQHandler
                0x0000000008000324                EXTI0_IRQHandler
                0x0000000008000324                I2C2_EV_IRQHandler
                0x0000000008000324                DMA1_Stream2_IRQHandler
                0x0000000008000324                CAN1_RX0_IRQHandler
                0x0000000008000324                FPU_IRQHandler
                0x0000000008000324                OTG_HS_WKUP_IRQHandler
                0x0000000008000324                UsageFault_Handler
                0x0000000008000324                CAN2_SCE_IRQHandler
                0x0000000008000324                DMA2_Stream2_IRQHandler
                0x0000000008000324                SPI1_IRQHandler
                0x0000000008000324                TIM6_DAC_IRQHandler
                0x0000000008000324                TIM1_BRK_TIM9_IRQHandler
                0x0000000008000324                DCMI_IRQHandler
                0x0000000008000324                CAN2_RX0_IRQHandler
                0x0000000008000324                DMA2_Stream3_IRQHandler
                0x0000000008000324                USART6_IRQHandler
                0x0000000008000324                USART3_IRQHandler
                0x0000000008000324                CRYP_IRQHandler
                0x0000000008000324                CAN1_RX1_IRQHandler
                0x0000000008000324                UART5_IRQHandler
                0x0000000008000324                DMA2_Stream0_IRQHandler
                0x0000000008000324                TIM4_IRQHandler
                0x0000000008000324                I2C1_EV_IRQHandler
                0x0000000008000324                DMA1_Stream6_IRQHandler
                0x0000000008000324                DMA1_Stream1_IRQHandler
                0x0000000008000324                UART4_IRQHandler
                0x0000000008000324                LCD_TFT_1_IRQHandler
                0x0000000008000324                TIM3_IRQHandler
                0x0000000008000324                RCC_IRQHandler
                0x0000000008000324                TIM8_BRK_TIM12_IRQHandler
                0x0000000008000324                Default_Handler
                0x0000000008000324                EXTI15_10_IRQHandler
                0x0000000008000324                ADC_IRQHandler
                0x0000000008000324                DMA1_Stream7_IRQHandler
                0x0000000008000324                TIM7_IRQHandler
                0x0000000008000324                CAN2_TX_IRQHandler
                0x0000000008000324                TIM5_IRQHandler
                0x0000000008000324                DMA2_Stream7_IRQHandler
                0x0000000008000324                I2C3_EV_IRQHandler
                0x0000000008000324                EXTI9_5_IRQHandler
                0x0000000008000324                RTC_WKUP_IRQHandler
                0x0000000008000324                ETH_WKUP_IRQHandler
                0x0000000008000324                SPI2_IRQHandler
                0x0000000008000324                OTG_HS_EP1_IN_IRQHandler
                0x0000000008000324                MemManage_Handler
                0x0000000008000324                DMA1_Stream0_IRQHandler
                0x0000000008000324                CAN1_TX_IRQHandler
                0x0000000008000324                SVC_Handler
                0x0000000008000324                EXTI4_IRQHandler
                0x0000000008000324                FSMC_IRQHandler
                0x0000000008000324                ETH_IRQHandler
                0x0000000008000324                OTG_HS_EP1_OUT_IRQHandler
                0x0000000008000324                WWDG_IRQHandler
                0x0000000008000324                TIM2_IRQHandler
                0x0000000008000324                OTG_FS_WKUP_IRQHandler
                0x0000000008000324                TIM1_TRG_COM_TIM11_IRQHandler
                0x0000000008000324                OTG_HS_IRQHandler
                0x0000000008000324                EXTI1_IRQHandler
                0x0000000008000324                USART2_IRQHandler
                0x0000000008000324                I2C2_ER_IRQHandler
                0x0000000008000324                DMA2_Stream1_IRQHandler
                0x0000000008000324                CAN1_SCE_IRQHandler
                0x0000000008000324                DMA2_Stream4_IRQHandler
                0x0000000008000324                BusFault_Handler
                0x0000000008000324                USART1_IRQHandler
                0x0000000008000324                OTG_FS_IRQHandler
                0x0000000008000324                SPI3_IRQHandler
                0x0000000008000324                DMA1_Stream4_IRQHandler
                0x0000000008000324                I2C1_ER_IRQHandler
                0x0000000008000324                DMA2_Stream6_IRQHandler
                0x0000000008000324                DMA1_Stream3_IRQHandler
 .text.GPIO_Init
                0x0000000008000326      0x1a2 drivers/Src/stm32f4xx_gpio_driver.o
                0x0000000008000326                GPIO_Init
 .text.GPIO_PeriClockControl
                0x00000000080004c8      0x1d0 drivers/Src/stm32f4xx_gpio_driver.o
                0x00000000080004c8                GPIO_PeriClockControl
 .text.SPI_Init
                0x0000000008000698       0xb6 drivers/Src/stm32f4xx_spi_driver.o
                0x0000000008000698                SPI_Init
 *fill*         0x000000000800074e        0x2 
 .text.SPI_PeriClockControl
                0x0000000008000750       0xac drivers/Src/stm32f4xx_spi_driver.o
                0x0000000008000750                SPI_PeriClockControl
 .text.SPI_SendData
                0x00000000080007fc       0x6c drivers/Src/stm32f4xx_spi_driver.o
                0x00000000080007fc                SPI_SendData
 .text.SPI_peripheral_control
                0x0000000008000868       0x36 drivers/Src/stm32f4xx_spi_driver.o
                0x0000000008000868                SPI_peripheral_control
 .text.SPI_SSOE_config
                0x000000000800089e       0x36 drivers/Src/stm32f4xx_spi_driver.o
                0x000000000800089e                SPI_SSOE_config
 .text.__libc_init_array
                0x00000000080008d4       0x48 c:/st/stm32cubeide_1.3.0/stm32cubeide/plugins/com.st.stm32cube.ide.mcu.externaltools.gnu-tools-for-stm32.7-2018-q2-update.win32_1.0.0.201904181610/tools/bin/../lib/gcc/arm-none-eabi/7.3.1/../../../../arm-none-eabi/lib/thumb/v7e-m\libc_nano.a(lib_a-init.o)
                0x00000000080008d4                __libc_init_array
 *(.glue_7)
 .glue_7        0x000000000800091c        0x0 linker stubs
 *(.glue_7t)
 .glue_7t       0x000000000800091c        0x0 linker stubs
 *(.eh_frame)
 .eh_frame      0x000000000800091c        0x0 c:/st/stm32cubeide_1.3.0/stm32cubeide/plugins/com.st.stm32cube.ide.mcu.externaltools.gnu-tools-for-stm32.7-2018-q2-update.win32_1.0.0.201904181610/tools/bin/../lib/gcc/arm-none-eabi/7.3.1/thumb/v7e-m/crtbegin.o
 *(.init)
 .init          0x000000000800091c        0x4 c:/st/stm32cubeide_1.3.0/stm32cubeide/plugins/com.st.stm32cube.ide.mcu.externaltools.gnu-tools-for-stm32.7-2018-q2-update.win32_1.0.0.201904181610/tools/bin/../lib/gcc/arm-none-eabi/7.3.1/thumb/v7e-m/crti.o
                0x000000000800091c                _init
 .init          0x0000000008000920        0x8 c:/st/stm32cubeide_1.3.0/stm32cubeide/plugins/com.st.stm32cube.ide.mcu.externaltools.gnu-tools-for-stm32.7-2018-q2-update.win32_1.0.0.201904181610/tools/bin/../lib/gcc/arm-none-eabi/7.3.1/thumb/v7e-m/crtn.o
 *(.fini)
 .fini          0x0000000008000928        0x4 c:/st/stm32cubeide_1.3.0/stm32cubeide/plugins/com.st.stm32cube.ide.mcu.externaltools.gnu-tools-for-stm32.7-2018-q2-update.win32_1.0.0.201904181610/tools/bin/../lib/gcc/arm-none-eabi/7.3.1/thumb/v7e-m/crti.o
                0x0000000008000928                _fini
 .fini          0x000000000800092c        0x8 c:/st/stm32cubeide_1.3.0/stm32cubeide/plugins/com.st.stm32cube.ide.mcu.externaltools.gnu-tools-for-stm32.7-2018-q2-update.win32_1.0.0.201904181610/tools/bin/../lib/gcc/arm-none-eabi/7.3.1/thumb/v7e-m/crtn.o
                0x0000000008000934                . = ALIGN (0x4)
                0x0000000008000934                _etext = .

.vfp11_veneer   0x0000000008000934        0x0
 .vfp11_veneer  0x0000000008000934        0x0 linker stubs

.v4_bx          0x0000000008000934        0x0
 .v4_bx         0x0000000008000934        0x0 linker stubs

.iplt           0x0000000008000934        0x0
 .iplt          0x0000000008000934        0x0 c:/st/stm32cubeide_1.3.0/stm32cubeide/plugins/com.st.stm32cube.ide.mcu.externaltools.gnu-tools-for-stm32.7-2018-q2-update.win32_1.0.0.201904181610/tools/bin/../lib/gcc/arm-none-eabi/7.3.1/thumb/v7e-m/crtbegin.o

.rodata         0x0000000008000934        0xc
                0x0000000008000934                . = ALIGN (0x4)
 *(.rodata)
 .rodata        0x0000000008000934        0xc Src/002.o
 *(.rodata*)
                0x0000000008000940                . = ALIGN (0x4)

.rel.dyn        0x0000000008000940        0x0
 .rel.iplt      0x0000000008000940        0x0 c:/st/stm32cubeide_1.3.0/stm32cubeide/plugins/com.st.stm32cube.ide.mcu.externaltools.gnu-tools-for-stm32.7-2018-q2-update.win32_1.0.0.201904181610/tools/bin/../lib/gcc/arm-none-eabi/7.3.1/thumb/v7e-m/crtbegin.o

.ARM.extab      0x0000000008000940        0x0
                0x0000000008000940                . = ALIGN (0x4)
 *(.ARM.extab* .gnu.linkonce.armextab.*)
                0x0000000008000940                . = ALIGN (0x4)

.ARM            0x0000000008000940        0x0
                0x0000000008000940                . = ALIGN (0x4)
                0x0000000008000940                __exidx_start = .
 *(.ARM.exidx*)
                0x0000000008000940                __exidx_end = .
                0x0000000008000940                . = ALIGN (0x4)

.preinit_array  0x0000000008000940        0x0
                0x0000000008000940                . = ALIGN (0x4)
                0x0000000008000940                PROVIDE (__preinit_array_start = .)
 *(.preinit_array*)
                0x0000000008000940                PROVIDE (__preinit_array_end = .)
                0x0000000008000940                . = ALIGN (0x4)

.init_array     0x0000000008000940        0x4
                0x0000000008000940                . = ALIGN (0x4)
                0x0000000008000940                PROVIDE (__init_array_start = .)
 *(SORT_BY_NAME(.init_array.*))
 *(.init_array*)
 .init_array    0x0000000008000940        0x4 c:/st/stm32cubeide_1.3.0/stm32cubeide/plugins/com.st.stm32cube.ide.mcu.externaltools.gnu-tools-for-stm32.7-2018-q2-update.win32_1.0.0.201904181610/tools/bin/../lib/gcc/arm-none-eabi/7.3.1/thumb/v7e-m/crtbegin.o
                0x0000000008000944                PROVIDE (__init_array_end = .)
                0x0000000008000944                . = ALIGN (0x4)

.fini_array     0x0000000008000944        0x4
                0x0000000008000944                . = ALIGN (0x4)
                [!provide]                        PROVIDE (__fini_array_start = .)
 *(SORT_BY_NAME(.fini_array.*))
 *(.fini_array*)
 .fini_array    0x0000000008000944        0x4 c:/st/stm32cubeide_1.3.0/stm32cubeide/plugins/com.st.stm32cube.ide.mcu.externaltools.gnu-tools-for-stm32.7-2018-q2-update.win32_1.0.0.201904181610/tools/bin/../lib/gcc/arm-none-eabi/7.3.1/thumb/v7e-m/crtbegin.o
                [!provide]                        PROVIDE (__fini_array_end = .)
                0x0000000008000948                . = ALIGN (0x4)
                0x0000000008000948                _sidata = LOADADDR (.data)

.data           0x0000000020000000        0x0 load address 0x0000000008000948
                0x0000000020000000                . = ALIGN (0x4)
                0x0000000020000000                _sdata = .
 *(.data)
 *(.data*)
                0x0000000020000000                . = ALIGN (0x4)
                0x0000000020000000                _edata = .

.igot.plt       0x0000000020000000        0x0 load address 0x0000000008000948
 .igot.plt      0x0000000020000000        0x0 c:/st/stm32cubeide_1.3.0/stm32cubeide/plugins/com.st.stm32cube.ide.mcu.externaltools.gnu-tools-for-stm32.7-2018-q2-update.win32_1.0.0.201904181610/tools/bin/../lib/gcc/arm-none-eabi/7.3.1/thumb/v7e-m/crtbegin.o
                0x0000000020000000                . = ALIGN (0x4)

.bss            0x0000000020000000       0x1c load address 0x0000000008000948
                0x0000000020000000                _sbss = .
                0x0000000020000000                __bss_start__ = _sbss
 *(.bss)
 .bss           0x0000000020000000       0x1c c:/st/stm32cubeide_1.3.0/stm32cubeide/plugins/com.st.stm32cube.ide.mcu.externaltools.gnu-tools-for-stm32.7-2018-q2-update.win32_1.0.0.201904181610/tools/bin/../lib/gcc/arm-none-eabi/7.3.1/thumb/v7e-m/crtbegin.o
 *(.bss*)
 *(COMMON)
                0x000000002000001c                . = ALIGN (0x4)
                0x000000002000001c                _ebss = .
                0x000000002000001c                __bss_end__ = _ebss

._user_heap_stack
                0x000000002000001c      0x604 load address 0x0000000008000948
                0x0000000020000020                . = ALIGN (0x8)
 *fill*         0x000000002000001c        0x4 
                0x0000000020000020                PROVIDE (end = .)
                [!provide]                        PROVIDE (_end = .)
                0x0000000020000220                . = (. + _Min_Heap_Size)
 *fill*         0x0000000020000020      0x200 
                0x0000000020000620                . = (. + _Min_Stack_Size)
 *fill*         0x0000000020000220      0x400 
                0x0000000020000620                . = ALIGN (0x8)

/DISCARD/
 libc.a(*)
 libm.a(*)
 libgcc.a(*)

.ARM.attributes
                0x0000000000000000       0x2a
 *(.ARM.attributes)
 .ARM.attributes
                0x0000000000000000       0x1e c:/st/stm32cubeide_1.3.0/stm32cubeide/plugins/com.st.stm32cube.ide.mcu.externaltools.gnu-tools-for-stm32.7-2018-q2-update.win32_1.0.0.201904181610/tools/bin/../lib/gcc/arm-none-eabi/7.3.1/thumb/v7e-m/crti.o
 .ARM.attributes
                0x000000000000001e       0x2e c:/st/stm32cubeide_1.3.0/stm32cubeide/plugins/com.st.stm32cube.ide.mcu.externaltools.gnu-tools-for-stm32.7-2018-q2-update.win32_1.0.0.201904181610/tools/bin/../lib/gcc/arm-none-eabi/7.3.1/thumb/v7e-m/crtbegin.o
 .ARM.attributes
                0x000000000000004c       0x33 Src/002.o
 .ARM.attributes
                0x000000000000007f       0x21 Startup/startup_stm32f407vgtx.o
 .ARM.attributes
                0x00000000000000a0       0x33 drivers/Src/stm32f4xx_gpio_driver.o
 .ARM.attributes
                0x00000000000000d3       0x33 drivers/Src/stm32f4xx_spi_driver.o
 .ARM.attributes
                0x0000000000000106       0x2e c:/st/stm32cubeide_1.3.0/stm32cubeide/plugins/com.st.stm32cube.ide.mcu.externaltools.gnu-tools-for-stm32.7-2018-q2-update.win32_1.0.0.201904181610/tools/bin/../lib/gcc/arm-none-eabi/7.3.1/../../../../arm-none-eabi/lib/thumb/v7e-m\libc_nano.a(lib_a-init.o)
 .ARM.attributes
                0x0000000000000134       0x17 c:/st/stm32cubeide_1.3.0/stm32cubeide/plugins/com.st.stm32cube.ide.mcu.externaltools.gnu-tools-for-stm32.7-2018-q2-update.win32_1.0.0.201904181610/tools/bin/../lib/gcc/arm-none-eabi/7.3.1/../../../../arm-none-eabi/lib/thumb/v7e-m\libc_nano.a(lib_a-strlen.o)
 .ARM.attributes
                0x000000000000014b       0x1e c:/st/stm32cubeide_1.3.0/stm32cubeide/plugins/com.st.stm32cube.ide.mcu.externaltools.gnu-tools-for-stm32.7-2018-q2-update.win32_1.0.0.201904181610/tools/bin/../lib/gcc/arm-none-eabi/7.3.1/thumb/v7e-m/crtn.o
OUTPUT(stm32f4xx_drivers.elf elf32-littlearm)

.debug_info     0x0000000000000000     0x1647
 .debug_info    0x0000000000000000      0xb71 Src/002.o
 .debug_info    0x0000000000000b71       0x22 Startup/startup_stm32f407vgtx.o
 .debug_info    0x0000000000000b93      0x5af drivers/Src/stm32f4xx_gpio_driver.o
 .debug_info    0x0000000000001142      0x505 drivers/Src/stm32f4xx_spi_driver.o

.debug_abbrev   0x0000000000000000      0x3f5
 .debug_abbrev  0x0000000000000000      0x1a9 Src/002.o
 .debug_abbrev  0x00000000000001a9       0x12 Startup/startup_stm32f407vgtx.o
 .debug_abbrev  0x00000000000001bb      0x152 drivers/Src/stm32f4xx_gpio_driver.o
 .debug_abbrev  0x000000000000030d       0xe8 drivers/Src/stm32f4xx_spi_driver.o

.debug_aranges  0x0000000000000000      0x118
 .debug_aranges
                0x0000000000000000       0x30 Src/002.o
 .debug_aranges
                0x0000000000000030       0x28 Startup/startup_stm32f407vgtx.o
 .debug_aranges
                0x0000000000000058       0x68 drivers/Src/stm32f4xx_gpio_driver.o
 .debug_aranges
                0x00000000000000c0       0x58 drivers/Src/stm32f4xx_spi_driver.o

.debug_ranges   0x0000000000000000       0xe0
 .debug_ranges  0x0000000000000000       0x20 Src/002.o
 .debug_ranges  0x0000000000000020       0x20 Startup/startup_stm32f407vgtx.o
 .debug_ranges  0x0000000000000040       0x58 drivers/Src/stm32f4xx_gpio_driver.o
 .debug_ranges  0x0000000000000098       0x48 drivers/Src/stm32f4xx_spi_driver.o

.debug_macro    0x0000000000000000     0x2317
 .debug_macro   0x0000000000000000      0x16a Src/002.o
 .debug_macro   0x000000000000016a      0xa66 Src/002.o
 .debug_macro   0x0000000000000bd0       0x22 Src/002.o
 .debug_macro   0x0000000000000bf2       0x8e Src/002.o
 .debug_macro   0x0000000000000c80       0x51 Src/002.o
 .debug_macro   0x0000000000000cd1       0xef Src/002.o
 .debug_macro   0x0000000000000dc0       0x6a Src/002.o
 .debug_macro   0x0000000000000e2a      0x1df Src/002.o
 .debug_macro   0x0000000000001009      0x367 Src/002.o
 .debug_macro   0x0000000000001370       0xc4 Src/002.o
 .debug_macro   0x0000000000001434       0x8e Src/002.o
 .debug_macro   0x00000000000014c2       0x34 Src/002.o
 .debug_macro   0x00000000000014f6       0x8e Src/002.o
 .debug_macro   0x0000000000001584       0x46 Src/002.o
 .debug_macro   0x00000000000015ca       0x18 Src/002.o
 .debug_macro   0x00000000000015e2       0x3c Src/002.o
 .debug_macro   0x000000000000161e       0x34 Src/002.o
 .debug_macro   0x0000000000001652      0x174 Src/002.o
 .debug_macro   0x00000000000017c6       0x52 Src/002.o
 .debug_macro   0x0000000000001818       0x1f Src/002.o
 .debug_macro   0x0000000000001837       0x43 Src/002.o
 .debug_macro   0x000000000000187a       0x20 Src/002.o
 .debug_macro   0x000000000000189a      0x1a3 Src/002.o
 .debug_macro   0x0000000000001a3d      0x330 Src/002.o
 .debug_macro   0x0000000000001d6d       0x10 Src/002.o
 .debug_macro   0x0000000000001d7d       0x35 Src/002.o
 .debug_macro   0x0000000000001db2       0x20 Src/002.o
 .debug_macro   0x0000000000001dd2       0xa8 drivers/Src/stm32f4xx_gpio_driver.o
 .debug_macro   0x0000000000001e7a      0x36d drivers/Src/stm32f4xx_gpio_driver.o
 .debug_macro   0x00000000000021e7       0x88 drivers/Src/stm32f4xx_gpio_driver.o
 .debug_macro   0x000000000000226f       0xa8 drivers/Src/stm32f4xx_spi_driver.o

.debug_line     0x0000000000000000     0x118f
 .debug_line    0x0000000000000000      0x5e8 Src/002.o
 .debug_line    0x00000000000005e8       0x84 Startup/startup_stm32f407vgtx.o
 .debug_line    0x000000000000066c      0x5d6 drivers/Src/stm32f4xx_gpio_driver.o
 .debug_line    0x0000000000000c42      0x54d drivers/Src/stm32f4xx_spi_driver.o

.debug_str      0x0000000000000000     0x8fd6
 .debug_str     0x0000000000000000     0x8c53 Src/002.o
                                       0x8ec1 (size before relaxing)
 .debug_str     0x0000000000008c53       0x31 Startup/startup_stm32f407vgtx.o
                                         0x7b (size before relaxing)
 .debug_str     0x0000000000008c84      0x28b drivers/Src/stm32f4xx_gpio_driver.o
                                       0x5dae (size before relaxing)
 .debug_str     0x0000000000008f0f       0xc7 drivers/Src/stm32f4xx_spi_driver.o
                                       0x5d34 (size before relaxing)

.comment        0x0000000000000000       0x7b
 .comment       0x0000000000000000       0x7b Src/002.o
                                         0x7c (size before relaxing)
 .comment       0x000000000000007b       0x7c drivers/Src/stm32f4xx_gpio_driver.o
 .comment       0x000000000000007b       0x7c drivers/Src/stm32f4xx_spi_driver.o

.debug_frame    0x0000000000000000      0x38c
 .debug_frame   0x0000000000000000       0x78 Src/002.o
 .debug_frame   0x0000000000000078      0x19c drivers/Src/stm32f4xx_gpio_driver.o
 .debug_frame   0x0000000000000214      0x14c drivers/Src/stm32f4xx_spi_driver.o
 .debug_frame   0x0000000000000360       0x2c c:/st/stm32cubeide_1.3.0/stm32cubeide/plugins/com.st.stm32cube.ide.mcu.externaltools.gnu-tools-for-stm32.7-2018-q2-update.win32_1.0.0.201904181610/tools/bin/../lib/gcc/arm-none-eabi/7.3.1/../../../../arm-none-eabi/lib/thumb/v7e-m\libc_nano.a(lib_a-init.o)
